16:50:49 **** Build of configuration Debug for project HallPro ****
make -j8 all 
arm-none-eabi-gcc "../Drivers/STM32F4xx_HAL_Driver/Src/stm32f4xx_hal.c" -mcpu=cortex-m4 -std=gnu11 -g3 -DDEBUG -DUSE_HAL_DRIVER -DSTM32F407xx -c -I../Core/Inc -I../Drivers/STM32F4xx_HAL_Driver/Inc -I../Drivers/STM32F4xx_HAL_Driver/Inc/Legacy -I../Drivers/CMSIS/Device/ST/STM32F4xx/Include -I../Drivers/CMSIS/Include -O0 -ffunction-sections -fdata-sections -Wall -fstack-usage -MMD -MP -MF"Drivers/STM32F4xx_HAL_Driver/Src/stm32f4xx_hal.d" -MT"Drivers/STM32F4xx_HAL_Driver/Src/stm32f4xx_hal.o" --specs=nano.specs -mfpu=fpv4-sp-d16 -mfloat-abi=hard -mthumb -o "Drivers/STM32F4xx_HAL_Driver/Src/stm32f4xx_hal.o"
arm-none-eabi-gcc "../Drivers/STM32F4xx_HAL_Driver/Src/stm32f4xx_hal_cortex.c" -mcpu=cortex-m4 -std=gnu11 -g3 -DDEBUG -DUSE_HAL_DRIVER -DSTM32F407xx -c -I../Core/Inc -I../Drivers/STM32F4xx_HAL_Driver/Inc -I../Drivers/STM32F4xx_HAL_Driver/Inc/Legacy -I../Drivers/CMSIS/Device/ST/STM32F4xx/Include -I../Drivers/CMSIS/Include -O0 -ffunction-sections -fdata-sections -Wall -fstack-usage -MMD -MP -MF"Drivers/STM32F4xx_HAL_Driver/Src/stm32f4xx_hal_cortex.d" -MT"Drivers/STM32F4xx_HAL_Driver/Src/stm32f4xx_hal_cortex.o" --specs=nano.specs -mfpu=fpv4-sp-d16 -mfloat-abi=hard -mthumb -o "Drivers/STM32F4xx_HAL_Driver/Src/stm32f4xx_hal_cortex.o"
arm-none-eabi-gcc "../Drivers/STM32F4xx_HAL_Driver/Src/stm32f4xx_hal_dma.c" -mcpu=cortex-m4 -std=gnu11 -g3 -DDEBUG -DUSE_HAL_DRIVER -DSTM32F407xx -c -I../Core/Inc -I../Drivers/STM32F4xx_HAL_Driver/Inc -I../Drivers/STM32F4xx_HAL_Driver/Inc/Legacy -I../Drivers/CMSIS/Device/ST/STM32F4xx/Include -I../Drivers/CMSIS/Include -O0 -ffunction-sections -fdata-sections -Wall -fstack-usage -MMD -MP -MF"Drivers/STM32F4xx_HAL_Driver/Src/stm32f4xx_hal_dma.d" -MT"Drivers/STM32F4xx_HAL_Driver/Src/stm32f4xx_hal_dma.o" --specs=nano.specs -mfpu=fpv4-sp-d16 -mfloat-abi=hard -mthumb -o "Drivers/STM32F4xx_HAL_Driver/Src/stm32f4xx_hal_dma.o"
arm-none-eabi-gcc "../Drivers/STM32F4xx_HAL_Driver/Src/stm32f4xx_hal_dma_ex.c" -mcpu=cortex-m4 -std=gnu11 -g3 -DDEBUG -DUSE_HAL_DRIVER -DSTM32F407xx -c -I../Core/Inc -I../Drivers/STM32F4xx_HAL_Driver/Inc -I../Drivers/STM32F4xx_HAL_Driver/Inc/Legacy -I../Drivers/CMSIS/Device/ST/STM32F4xx/Include -I../Drivers/CMSIS/Include -O0 -ffunction-sections -fdata-sections -Wall -fstack-usage -MMD -MP -MF"Drivers/STM32F4xx_HAL_Driver/Src/stm32f4xx_hal_dma_ex.d" -MT"Drivers/STM32F4xx_HAL_Driver/Src/stm32f4xx_hal_dma_ex.o" --specs=nano.specs -mfpu=fpv4-sp-d16 -mfloat-abi=hard -mthumb -o "Drivers/STM32F4xx_HAL_Driver/Src/stm32f4xx_hal_dma_ex.o"
arm-none-eabi-gcc "../Drivers/STM32F4xx_HAL_Driver/Src/stm32f4xx_hal_exti.c" -mcpu=cortex-m4 -std=gnu11 -g3 -DDEBUG -DUSE_HAL_DRIVER -DSTM32F407xx -c -I../Core/Inc -I../Drivers/STM32F4xx_HAL_Driver/Inc -I../Drivers/STM32F4xx_HAL_Driver/Inc/Legacy -I../Drivers/CMSIS/Device/ST/STM32F4xx/Include -I../Drivers/CMSIS/Include -O0 -ffunction-sections -fdata-sections -Wall -fstack-usage -MMD -MP -MF"Drivers/STM32F4xx_HAL_Driver/Src/stm32f4xx_hal_exti.d" -MT"Drivers/STM32F4xx_HAL_Driver/Src/stm32f4xx_hal_exti.o" --specs=nano.specs -mfpu=fpv4-sp-d16 -mfloat-abi=hard -mthumb -o "Drivers/STM32F4xx_HAL_Driver/Src/stm32f4xx_hal_exti.o"
arm-none-eabi-gcc "../Drivers/STM32F4xx_HAL_Driver/Src/stm32f4xx_hal_flash.c" -mcpu=cortex-m4 -std=gnu11 -g3 -DDEBUG -DUSE_HAL_DRIVER -DSTM32F407xx -c -I../Core/Inc -I../Drivers/STM32F4xx_HAL_Driver/Inc -I../Drivers/STM32F4xx_HAL_Driver/Inc/Legacy -I../Drivers/CMSIS/Device/ST/STM32F4xx/Include -I../Drivers/CMSIS/Include -O0 -ffunction-sections -fdata-sections -Wall -fstack-usage -MMD -MP -MF"Drivers/STM32F4xx_HAL_Driver/Src/stm32f4xx_hal_flash.d" -MT"Drivers/STM32F4xx_HAL_Driver/Src/stm32f4xx_hal_flash.o" --specs=nano.specs -mfpu=fpv4-sp-d16 -mfloat-abi=hard -mthumb -o "Drivers/STM32F4xx_HAL_Driver/Src/stm32f4xx_hal_flash.o"
arm-none-eabi-gcc "../Drivers/STM32F4xx_HAL_Driver/Src/stm32f4xx_hal_flash_ex.c" -mcpu=cortex-m4 -std=gnu11 -g3 -DDEBUG -DUSE_HAL_DRIVER -DSTM32F407xx -c -I../Core/Inc -I../Drivers/STM32F4xx_HAL_Driver/Inc -I../Drivers/STM32F4xx_HAL_Driver/Inc/Legacy -I../Drivers/CMSIS/Device/ST/STM32F4xx/Include -I../Drivers/CMSIS/Include -O0 -ffunction-sections -fdata-sections -Wall -fstack-usage -MMD -MP -MF"Drivers/STM32F4xx_HAL_Driver/Src/stm32f4xx_hal_flash_ex.d" -MT"Drivers/STM32F4xx_HAL_Driver/Src/stm32f4xx_hal_flash_ex.o" --specs=nano.specs -mfpu=fpv4-sp-d16 -mfloat-abi=hard -mthumb -o "Drivers/STM32F4xx_HAL_Driver/Src/stm32f4xx_hal_flash_ex.o"
arm-none-eabi-gcc "../Drivers/STM32F4xx_HAL_Driver/Src/stm32f4xx_hal_flash_ramfunc.c" -mcpu=cortex-m4 -std=gnu11 -g3 -DDEBUG -DUSE_HAL_DRIVER -DSTM32F407xx -c -I../Core/Inc -I../Drivers/STM32F4xx_HAL_Driver/Inc -I../Drivers/STM32F4xx_HAL_Driver/Inc/Legacy -I../Drivers/CMSIS/Device/ST/STM32F4xx/Include -I../Drivers/CMSIS/Include -O0 -ffunction-sections -fdata-sections -Wall -fstack-usage -MMD -MP -MF"Drivers/STM32F4xx_HAL_Driver/Src/stm32f4xx_hal_flash_ramfunc.d" -MT"Drivers/STM32F4xx_HAL_Driver/Src/stm32f4xx_hal_flash_ramfunc.o" --specs=nano.specs -mfpu=fpv4-sp-d16 -mfloat-abi=hard -mthumb -o "Drivers/STM32F4xx_HAL_Driver/Src/stm32f4xx_hal_flash_ramfunc.o"
arm-none-eabi-gcc "../Drivers/STM32F4xx_HAL_Driver/Src/stm32f4xx_hal_gpio.c" -mcpu=cortex-m4 -std=gnu11 -g3 -DDEBUG -DUSE_HAL_DRIVER -DSTM32F407xx -c -I../Core/Inc -I../Drivers/STM32F4xx_HAL_Driver/Inc -I../Drivers/STM32F4xx_HAL_Driver/Inc/Legacy -I../Drivers/CMSIS/Device/ST/STM32F4xx/Include -I../Drivers/CMSIS/Include -O0 -ffunction-sections -fdata-sections -Wall -fstack-usage -MMD -MP -MF"Drivers/STM32F4xx_HAL_Driver/Src/stm32f4xx_hal_gpio.d" -MT"Drivers/STM32F4xx_HAL_Driver/Src/stm32f4xx_hal_gpio.o" --specs=nano.specs -mfpu=fpv4-sp-d16 -mfloat-abi=hard -mthumb -o "Drivers/STM32F4xx_HAL_Driver/Src/stm32f4xx_hal_gpio.o"
arm-none-eabi-gcc "../Drivers/STM32F4xx_HAL_Driver/Src/stm32f4xx_hal_pwr.c" -mcpu=cortex-m4 -std=gnu11 -g3 -DDEBUG -DUSE_HAL_DRIVER -DSTM32F407xx -c -I../Core/Inc -I../Drivers/STM32F4xx_HAL_Driver/Inc -I../Drivers/STM32F4xx_HAL_Driver/Inc/Legacy -I../Drivers/CMSIS/Device/ST/STM32F4xx/Include -I../Drivers/CMSIS/Include -O0 -ffunction-sections -fdata-sections -Wall -fstack-usage -MMD -MP -MF"Drivers/STM32F4xx_HAL_Driver/Src/stm32f4xx_hal_pwr.d" -MT"Drivers/STM32F4xx_HAL_Driver/Src/stm32f4xx_hal_pwr.o" --specs=nano.specs -mfpu=fpv4-sp-d16 -mfloat-abi=hard -mthumb -o "Drivers/STM32F4xx_HAL_Driver/Src/stm32f4xx_hal_pwr.o"
arm-none-eabi-gcc "../Drivers/STM32F4xx_HAL_Driver/Src/stm32f4xx_hal_pwr_ex.c" -mcpu=cortex-m4 -std=gnu11 -g3 -DDEBUG -DUSE_HAL_DRIVER -DSTM32F407xx -c -I../Core/Inc -I../Drivers/STM32F4xx_HAL_Driver/Inc -I../Drivers/STM32F4xx_HAL_Driver/Inc/Legacy -I../Drivers/CMSIS/Device/ST/STM32F4xx/Include -I../Drivers/CMSIS/Include -O0 -ffunction-sections -fdata-sections -Wall -fstack-usage -MMD -MP -MF"Drivers/STM32F4xx_HAL_Driver/Src/stm32f4xx_hal_pwr_ex.d" -MT"Drivers/STM32F4xx_HAL_Driver/Src/stm32f4xx_hal_pwr_ex.o" --specs=nano.specs -mfpu=fpv4-sp-d16 -mfloat-abi=hard -mthumb -o "Drivers/STM32F4xx_HAL_Driver/Src/stm32f4xx_hal_pwr_ex.o"
arm-none-eabi-gcc "../Drivers/STM32F4xx_HAL_Driver/Src/stm32f4xx_hal_rcc.c" -mcpu=cortex-m4 -std=gnu11 -g3 -DDEBUG -DUSE_HAL_DRIVER -DSTM32F407xx -c -I../Core/Inc -I../Drivers/STM32F4xx_HAL_Driver/Inc -I../Drivers/STM32F4xx_HAL_Driver/Inc/Legacy -I../Drivers/CMSIS/Device/ST/STM32F4xx/Include -I../Drivers/CMSIS/Include -O0 -ffunction-sections -fdata-sections -Wall -fstack-usage -MMD -MP -MF"Drivers/STM32F4xx_HAL_Driver/Src/stm32f4xx_hal_rcc.d" -MT"Drivers/STM32F4xx_HAL_Driver/Src/stm32f4xx_hal_rcc.o" --specs=nano.specs -mfpu=fpv4-sp-d16 -mfloat-abi=hard -mthumb -o "Drivers/STM32F4xx_HAL_Driver/Src/stm32f4xx_hal_rcc.o"
arm-none-eabi-gcc "../Drivers/STM32F4xx_HAL_Driver/Src/stm32f4xx_hal_rcc_ex.c" -mcpu=cortex-m4 -std=gnu11 -g3 -DDEBUG -DUSE_HAL_DRIVER -DSTM32F407xx -c -I../Core/Inc -I../Drivers/STM32F4xx_HAL_Driver/Inc -I../Drivers/STM32F4xx_HAL_Driver/Inc/Legacy -I../Drivers/CMSIS/Device/ST/STM32F4xx/Include -I../Drivers/CMSIS/Include -O0 -ffunction-sections -fdata-sections -Wall -fstack-usage -MMD -MP -MF"Drivers/STM32F4xx_HAL_Driver/Src/stm32f4xx_hal_rcc_ex.d" -MT"Drivers/STM32F4xx_HAL_Driver/Src/stm32f4xx_hal_rcc_ex.o" --specs=nano.specs -mfpu=fpv4-sp-d16 -mfloat-abi=hard -mthumb -o "Drivers/STM32F4xx_HAL_Driver/Src/stm32f4xx_hal_rcc_ex.o"
arm-none-eabi-gcc -mcpu=cortex-m4 -g3 -DDEBUG -c -x assembler-with-cpp -MMD -MP -MF"Core/Startup/startup_stm32f407vgtx.d" -MT"Core/Startup/startup_stm32f407vgtx.o" --specs=nano.specs -mfpu=fpv4-sp-d16 -mfloat-abi=hard -mthumb -o "Core/Startup/startup_stm32f407vgtx.o" "../Core/Startup/startup_stm32f407vgtx.s"
arm-none-eabi-gcc "../Core/Src/main.c" -mcpu=cortex-m4 -std=gnu11 -g3 -DDEBUG -DUSE_HAL_DRIVER -DSTM32F407xx -c -I../Core/Inc -I../Drivers/STM32F4xx_HAL_Driver/Inc -I../Drivers/STM32F4xx_HAL_Driver/Inc/Legacy -I../Drivers/CMSIS/Device/ST/STM32F4xx/Include -I../Drivers/CMSIS/Include -O0 -ffunction-sections -fdata-sections -Wall -fstack-usage -MMD -MP -MF"Core/Src/main.d" -MT"Core/Src/main.o" --specs=nano.specs -mfpu=fpv4-sp-d16 -mfloat-abi=hard -mthumb -o "Core/Src/main.o"
arm-none-eabi-gcc "../Core/Src/stm32f4xx_hal_msp.c" -mcpu=cortex-m4 -std=gnu11 -g3 -DDEBUG -DUSE_HAL_DRIVER -DSTM32F407xx -c -I../Core/Inc -I../Drivers/STM32F4xx_HAL_Driver/Inc -I../Drivers/STM32F4xx_HAL_Driver/Inc/Legacy -I../Drivers/CMSIS/Device/ST/STM32F4xx/Include -I../Drivers/CMSIS/Include -O0 -ffunction-sections -fdata-sections -Wall -fstack-usage -MMD -MP -MF"Core/Src/stm32f4xx_hal_msp.d" -MT"Core/Src/stm32f4xx_hal_msp.o" --specs=nano.specs -mfpu=fpv4-sp-d16 -mfloat-abi=hard -mthumb -o "Core/Src/stm32f4xx_hal_msp.o"
arm-none-eabi-gcc "../Core/Src/stm32f4xx_it.c" -mcpu=cortex-m4 -std=gnu11 -g3 -DDEBUG -DUSE_HAL_DRIVER -DSTM32F407xx -c -I../Core/Inc -I../Drivers/STM32F4xx_HAL_Driver/Inc -I../Drivers/STM32F4xx_HAL_Driver/Inc/Legacy -I../Drivers/CMSIS/Device/ST/STM32F4xx/Include -I../Drivers/CMSIS/Include -O0 -ffunction-sections -fdata-sections -Wall -fstack-usage -MMD -MP -MF"Core/Src/stm32f4xx_it.d" -MT"Core/Src/stm32f4xx_it.o" --specs=nano.specs -mfpu=fpv4-sp-d16 -mfloat-abi=hard -mthumb -o "Core/Src/stm32f4xx_it.o"
arm-none-eabi-gcc "../Core/Src/syscalls.c" -mcpu=cortex-m4 -std=gnu11 -g3 -DDEBUG -DUSE_HAL_DRIVER -DSTM32F407xx -c -I../Core/Inc -I../Drivers/STM32F4xx_HAL_Driver/Inc -I../Drivers/STM32F4xx_HAL_Driver/Inc/Legacy -I../Drivers/CMSIS/Device/ST/STM32F4xx/Include -I../Drivers/CMSIS/Include -O0 -ffunction-sections -fdata-sections -Wall -fstack-usage -MMD -MP -MF"Core/Src/syscalls.d" -MT"Core/Src/syscalls.o" --specs=nano.specs -mfpu=fpv4-sp-d16 -mfloat-abi=hard -mthumb -o "Core/Src/syscalls.o"
arm-none-eabi-gcc "../Core/Src/sysmem.c" -mcpu=cortex-m4 -std=gnu11 -g3 -DDEBUG -DUSE_HAL_DRIVER -DSTM32F407xx -c -I../Core/Inc -I../Drivers/STM32F4xx_HAL_Driver/Inc -I../Drivers/STM32F4xx_HAL_Driver/Inc/Legacy -I../Drivers/CMSIS/Device/ST/STM32F4xx/Include -I../Drivers/CMSIS/Include -O0 -ffunction-sections -fdata-sections -Wall -fstack-usage -MMD -MP -MF"Core/Src/sysmem.d" -MT"Core/Src/sysmem.o" --specs=nano.specs -mfpu=fpv4-sp-d16 -mfloat-abi=hard -mthumb -o "Core/Src/sysmem.o"
arm-none-eabi-gcc "../Core/Src/system_stm32f4xx.c" -mcpu=cortex-m4 -std=gnu11 -g3 -DDEBUG -DUSE_HAL_DRIVER -DSTM32F407xx -c -I../Core/Inc -I../Drivers/STM32F4xx_HAL_Driver/Inc -I../Drivers/STM32F4xx_HAL_Driver/Inc/Legacy -I../Drivers/CMSIS/Device/ST/STM32F4xx/Include -I../Drivers/CMSIS/Include -O0 -ffunction-sections -fdata-sections -Wall -fstack-usage -MMD -MP -MF"Core/Src/system_stm32f4xx.d" -MT"Core/Src/system_stm32f4xx.o" --specs=nano.specs -mfpu=fpv4-sp-d16 -mfloat-abi=hard -mthumb -o "Core/Src/system_stm32f4xx.o"
arm-none-eabi-gcc -o "HallPro.elf" @"objects.list"   -mcpu=cortex-m4 -T"C:\Users\metab\STM32CubeIDE\workspace_1.10.1_CourseWS\HallPro\STM32F407VGTX_FLASH.ld" --specs=nosys.specs -Wl,-Map="HallPro.map" -Wl,--gc-sections -static --specs=nano.specs -mfpu=fpv4-sp-d16 -mfloat-abi=hard -mthumb -Wl,--start-group -lc -lm -Wl,--end-group
Finished building target: HallPro.elf
 
arm-none-eabi-size   HallPro.elf 
arm-none-eabi-objdump -h -S  HallPro.elf  > "HallPro.list"
   text	   data	    bss	    dec	    hex	filename
   4672	     20	   1572	   6264	   1878	HallPro.elf
Finished building: default.size.stdout
 
Finished building: HallPro.list
 
16:50:59 **** Build of configuration Debug for project ProfPro ****
make -j8 all 
arm-none-eabi-gcc -mcpu=cortex-m4 -g3 -DDEBUG -c -x assembler-with-cpp -MMD -MP -MF"Startup/startup_stm32f407vgtx.d" -MT"Startup/startup_stm32f407vgtx.o" --specs=nano.specs -mfpu=fpv4-sp-d16 -mfloat-abi=hard -mthumb -o "Startup/startup_stm32f407vgtx.o" "../Startup/startup_stm32f407vgtx.s"
arm-none-eabi-gcc "../Src/main.c" -mcpu=cortex-m4 -std=gnu11 -g3 -DDEBUG -DSTM32 -DSTM32F4 -DSTM32F407VGTx -c -I../Inc -O0 -ffunction-sections -fdata-sections -Wall -fstack-usage -MMD -MP -MF"Src/main.d" -MT"Src/main.o" --specs=nano.specs -mfpu=fpv4-sp-d16 -mfloat-abi=hard -mthumb -o "Src/main.o"
arm-none-eabi-gcc "../Src/syscalls.c" -mcpu=cortex-m4 -std=gnu11 -g3 -DDEBUG -DSTM32 -DSTM32F4 -DSTM32F407VGTx -c -I../Inc -O0 -ffunction-sections -fdata-sections -Wall -fstack-usage -MMD -MP -MF"Src/syscalls.d" -MT"Src/syscalls.o" --specs=nano.specs -mfpu=fpv4-sp-d16 -mfloat-abi=hard -mthumb -o "Src/syscalls.o"
arm-none-eabi-gcc "../Src/sysmem.c" -mcpu=cortex-m4 -std=gnu11 -g3 -DDEBUG -DSTM32 -DSTM32F4 -DSTM32F407VGTx -c -I../Inc -O0 -ffunction-sections -fdata-sections -Wall -fstack-usage -MMD -MP -MF"Src/sysmem.d" -MT"Src/sysmem.o" --specs=nano.specs -mfpu=fpv4-sp-d16 -mfloat-abi=hard -mthumb -o "Src/sysmem.o"
arm-none-eabi-gcc -o "ProfPro.elf" @"objects.list"   -mcpu=cortex-m4 -T"C:\Users\metab\STM32CubeIDE\workspace_1.10.1_CourseWS\ProfPro\STM32F407VGTX_FLASH.ld" --specs=nosys.specs -Wl,-Map="ProfPro.map" -Wl,--gc-sections -static --specs=nano.specs -mfpu=fpv4-sp-d16 -mfloat-abi=hard -mthumb -Wl,--start-group -lc -lm -Wl,--end-group
Finished building target: ProfPro.elf
 
arm-none-eabi-size   ProfPro.elf 
arm-none-eabi-objdump -h -S  ProfPro.elf  > "ProfPro.list"
   text	   data	    bss	    dec	    hex	filename
    676	      8	   1568	   2252	    8cc	ProfPro.elf
Finished building: default.size.stdout
 
Finished building: ProfPro.list
 
16:52:47 **** Build of configuration Debug for project AmatorPro ****
make -j8 all 
arm-none-eabi-gcc -mcpu=cortex-m4 -g3 -DDEBUG -c -x assembler-with-cpp -MMD -MP -MF"Startup/startup_stm32f407vgtx.d" -MT"Startup/startup_stm32f407vgtx.o" --specs=nano.specs -mfpu=fpv4-sp-d16 -mfloat-abi=hard -mthumb -o "Startup/startup_stm32f407vgtx.o" "../Startup/startup_stm32f407vgtx.s"
arm-none-eabi-gcc "../Src/main.c" -mcpu=cortex-m4 -std=gnu11 -g3 -DDEBUG -DSTM32 -DSTM32F4 -DSTM32F407VGTx -c -I../Inc -O0 -ffunction-sections -fdata-sections -Wall -fstack-usage -MMD -MP -MF"Src/main.d" -MT"Src/main.o" --specs=nano.specs -mfpu=fpv4-sp-d16 -mfloat-abi=hard -mthumb -o "Src/main.o"
arm-none-eabi-gcc "../Src/syscalls.c" -mcpu=cortex-m4 -std=gnu11 -g3 -DDEBUG -DSTM32 -DSTM32F4 -DSTM32F407VGTx -c -I../Inc -O0 -ffunction-sections -fdata-sections -Wall -fstack-usage -MMD -MP -MF"Src/syscalls.d" -MT"Src/syscalls.o" --specs=nano.specs -mfpu=fpv4-sp-d16 -mfloat-abi=hard -mthumb -o "Src/syscalls.o"
arm-none-eabi-gcc "../Src/sysmem.c" -mcpu=cortex-m4 -std=gnu11 -g3 -DDEBUG -DSTM32 -DSTM32F4 -DSTM32F407VGTx -c -I../Inc -O0 -ffunction-sections -fdata-sections -Wall -fstack-usage -MMD -MP -MF"Src/sysmem.d" -MT"Src/sysmem.o" --specs=nano.specs -mfpu=fpv4-sp-d16 -mfloat-abi=hard -mthumb -o "Src/sysmem.o"
arm-none-eabi-gcc -o "AmatorPro.elf" @"objects.list"   -mcpu=cortex-m4 -T"C:\Users\metab\STM32CubeIDE\workspace_1.10.1_CourseWS\AmatorPro\STM32F407VGTX_FLASH.ld" --specs=nosys.specs -Wl,-Map="AmatorPro.map" -Wl,--gc-sections -static --specs=nano.specs -mfpu=fpv4-sp-d16 -mfloat-abi=hard -mthumb -Wl,--start-group -lc -lm -Wl,--end-group
Finished building target: AmatorPro.elf
 
arm-none-eabi-size   AmatorPro.elf 
arm-none-eabi-objdump -h -S  AmatorPro.elf  > "AmatorPro.list"
   text	   data	    bss	    dec	    hex	filename
    676	      8	   1568	   2252	    8cc	AmatorPro.elf
Finished building: default.size.stdout
 
Finished building: AmatorPro.list
 
17:09:06 **** Incremental Build of configuration Debug for project AmatorPro ****
make -j8 all 
arm-none-eabi-gcc "../Src/main.c" -mcpu=cortex-m4 -std=gnu11 -g3 -DDEBUG -DSTM32 -DSTM32F4 -DSTM32F407VGTx -c -I../Inc -O0 -ffunction-sections -fdata-sections -Wall -fstack-usage -MMD -MP -MF"Src/main.d" -MT"Src/main.o" --specs=nano.specs -mfpu=fpv4-sp-d16 -mfloat-abi=hard -mthumb -o "Src/main.o"
../Src/main.c: In function 'main':
../Src/main.c:30:13: warning: unused variable 'p_rcc_base_address' [-Wunused-variable]
   30 |  uint32_t * p_rcc_base_address= (uint32_t*)0x40023800;
      |             ^~~~~~~~~~~~~~~~~~
arm-none-eabi-gcc -o "AmatorPro.elf" @"objects.list"   -mcpu=cortex-m4 -T"C:\Users\metab\STM32CubeIDE\workspace_1.10.1_CourseWS\AmatorPro\STM32F407VGTX_FLASH.ld" --specs=nosys.specs -Wl,-Map="AmatorPro.map" -Wl,--gc-sections -static --specs=nano.specs -mfpu=fpv4-sp-d16 -mfloat-abi=hard -mthumb -Wl,--start-group -lc -lm -Wl,--end-group
Finished building target: AmatorPro.elf
 
arm-none-eabi-size   AmatorPro.elf 
arm-none-eabi-objdump -h -S  AmatorPro.elf  > "AmatorPro.list"
   text	   data	    bss	    dec	    hex	filename
    684	      8	   1568	   2260	    8d4	AmatorPro.elf
Finished building: default.size.stdout
 
Finished building: AmatorPro.list
 
17:10:13 **** Incremental Build of configuration Debug for project AmatorPro ****
make -j8 all 
arm-none-eabi-gcc "../Src/main.c" -mcpu=cortex-m4 -std=gnu11 -g3 -DDEBUG -DSTM32 -DSTM32F4 -DSTM32F407VGTx -c -I../Inc -O0 -ffunction-sections -fdata-sections -Wall -fstack-usage -MMD -MP -MF"Src/main.d" -MT"Src/main.o" --specs=nano.specs -mfpu=fpv4-sp-d16 -mfloat-abi=hard -mthumb -o "Src/main.o"
../Src/main.c: In function 'main':
../Src/main.c:31:13: warning: unused variable 'p_gpio_base_address' [-Wunused-variable]
   31 |  uint32_t * p_gpio_base_address= (uint32_t*)0x40020C00;
      |             ^~~~~~~~~~~~~~~~~~~
../Src/main.c:30:13: warning: unused variable 'p_rcc_base_address' [-Wunused-variable]
   30 |  uint32_t * p_rcc_base_address= (uint32_t*)0x40023800;
      |             ^~~~~~~~~~~~~~~~~~
arm-none-eabi-gcc -o "AmatorPro.elf" @"objects.list"   -mcpu=cortex-m4 -T"C:\Users\metab\STM32CubeIDE\workspace_1.10.1_CourseWS\AmatorPro\STM32F407VGTX_FLASH.ld" --specs=nosys.specs -Wl,-Map="AmatorPro.map" -Wl,--gc-sections -static --specs=nano.specs -mfpu=fpv4-sp-d16 -mfloat-abi=hard -mthumb -Wl,--start-group -lc -lm -Wl,--end-group
Finished building target: AmatorPro.elf
 
arm-none-eabi-size   AmatorPro.elf 
arm-none-eabi-objdump -h -S  AmatorPro.elf  > "AmatorPro.list"
   text	   data	    bss	    dec	    hex	filename
    692	      8	   1568	   2268	    8dc	AmatorPro.elf
Finished building: default.size.stdout
 
Finished building: AmatorPro.list
 
17:16:31 **** Incremental Build of configuration Debug for project AmatorPro ****
make -j8 all 
arm-none-eabi-gcc "../Src/main.c" -mcpu=cortex-m4 -std=gnu11 -g3 -DDEBUG -DSTM32 -DSTM32F4 -DSTM32F407VGTx -c -I../Inc -O0 -ffunction-sections -fdata-sections -Wall -fstack-usage -MMD -MP -MF"Src/main.d" -MT"Src/main.o" --specs=nano.specs -mfpu=fpv4-sp-d16 -mfloat-abi=hard -mthumb -o "Src/main.o"
../Src/main.c: In function 'main':
../Src/main.c:32:12: warning: unused variable 'p_rcc_ahb1' [-Wunused-variable]
   32 |  uint32_t* p_rcc_ahb1=(uint32_t*)(0x40023800+0x30);
      |            ^~~~~~~~~~
../Src/main.c:30:13: warning: unused variable 'p_rcc_base_address' [-Wunused-variable]
   30 |  uint32_t * p_rcc_base_address= (uint32_t*)0x40023800;
      |             ^~~~~~~~~~~~~~~~~~
arm-none-eabi-gcc -o "AmatorPro.elf" @"objects.list"   -mcpu=cortex-m4 -T"C:\Users\metab\STM32CubeIDE\workspace_1.10.1_CourseWS\AmatorPro\STM32F407VGTX_FLASH.ld" --specs=nosys.specs -Wl,-Map="AmatorPro.map" -Wl,--gc-sections -static --specs=nano.specs -mfpu=fpv4-sp-d16 -mfloat-abi=hard -mthumb -Wl,--start-group -lc -lm -Wl,--end-group
Finished building target: AmatorPro.elf
 
arm-none-eabi-size   AmatorPro.elf 
arm-none-eabi-objdump -h -S  AmatorPro.elf  > "AmatorPro.list"
   text	   data	    bss	    dec	    hex	filename
    692	      8	   1568	   2268	    8dc	AmatorPro.elf
Finished building: default.size.stdout
 
Finished building: AmatorPro.list
 
17:17:27 **** Incremental Build of configuration Debug for project AmatorPro ****
make -j8 all 
arm-none-eabi-gcc "../Src/main.c" -mcpu=cortex-m4 -std=gnu11 -g3 -DDEBUG -DSTM32 -DSTM32F4 -DSTM32F407VGTx -c -I../Inc -O0 -ffunction-sections -fdata-sections -Wall -fstack-usage -MMD -MP -MF"Src/main.d" -MT"Src/main.o" --specs=nano.specs -mfpu=fpv4-sp-d16 -mfloat-abi=hard -mthumb -o "Src/main.o"
../Src/main.c: In function 'main':
../Src/main.c:30:13: warning: unused variable 'p_rcc_base_address' [-Wunused-variable]
   30 |  uint32_t * p_rcc_base_address= (uint32_t*)0x40023800;
      |             ^~~~~~~~~~~~~~~~~~
arm-none-eabi-gcc -o "AmatorPro.elf" @"objects.list"   -mcpu=cortex-m4 -T"C:\Users\metab\STM32CubeIDE\workspace_1.10.1_CourseWS\AmatorPro\STM32F407VGTX_FLASH.ld" --specs=nosys.specs -Wl,-Map="AmatorPro.map" -Wl,--gc-sections -static --specs=nano.specs -mfpu=fpv4-sp-d16 -mfloat-abi=hard -mthumb -Wl,--start-group -lc -lm -Wl,--end-group
Finished building target: AmatorPro.elf
 
arm-none-eabi-size   AmatorPro.elf 
arm-none-eabi-objdump -h -S  AmatorPro.elf  > "AmatorPro.list"
   text	   data	    bss	    dec	    hex	filename
    704	      8	   1568	   2280	    8e8	AmatorPro.elf
Finished building: default.size.stdout
 
Finished building: AmatorPro.list
 
17:17:35 **** Incremental Build of configuration Debug for project AmatorPro ****
make -j8 all 
arm-none-eabi-gcc "../Src/main.c" -mcpu=cortex-m4 -std=gnu11 -g3 -DDEBUG -DSTM32 -DSTM32F4 -DSTM32F407VGTx -c -I../Inc -O0 -ffunction-sections -fdata-sections -Wall -fstack-usage -MMD -MP -MF"Src/main.d" -MT"Src/main.o" --specs=nano.specs -mfpu=fpv4-sp-d16 -mfloat-abi=hard -mthumb -o "Src/main.o"
arm-none-eabi-gcc -o "AmatorPro.elf" @"objects.list"   -mcpu=cortex-m4 -T"C:\Users\metab\STM32CubeIDE\workspace_1.10.1_CourseWS\AmatorPro\STM32F407VGTX_FLASH.ld" --specs=nosys.specs -Wl,-Map="AmatorPro.map" -Wl,--gc-sections -static --specs=nano.specs -mfpu=fpv4-sp-d16 -mfloat-abi=hard -mthumb -Wl,--start-group -lc -lm -Wl,--end-group
Finished building target: AmatorPro.elf
 
arm-none-eabi-size   AmatorPro.elf 
arm-none-eabi-objdump -h -S  AmatorPro.elf  > "AmatorPro.list"
   text	   data	    bss	    dec	    hex	filename
    696	      8	   1568	   2272	    8e0	AmatorPro.elf
Finished building: default.size.stdout
 
Finished building: AmatorPro.list
 
18:19:23 **** Incremental Build of configuration Debug for project AmatorPro ****
make -j8 all 
arm-none-eabi-gcc "../Src/main.c" -mcpu=cortex-m4 -std=gnu11 -g3 -DDEBUG -DSTM32 -DSTM32F4 -DSTM32F407VGTx -c -I../Inc -O0 -ffunction-sections -fdata-sections -Wall -fstack-usage -MMD -MP -MF"Src/main.d" -MT"Src/main.o" --specs=nano.specs -mfpu=fpv4-sp-d16 -mfloat-abi=hard -mthumb -o "Src/main.o"
../Src/main.c: In function 'main':
../Src/main.c:35:2: error: expected ',' or ';' before 'while'
   35 |  while(1)
      |  ^~~~~
../Src/main.c:34:13: warning: unused variable 'p_gpio_moder_reg' [-Wunused-variable]
   34 |  uint32_t * p_gpio_moder_reg = (uint32_t*) 0x40020C00
      |             ^~~~~~~~~~~~~~~~
make: *** [Src/subdir.mk:25: Src/main.o] Error 1
"make -j8 all" terminated with exit code 2. Build might be incomplete.
18:19:29 **** Incremental Build of configuration Debug for project AmatorPro ****
make -j8 all 
arm-none-eabi-gcc "../Src/main.c" -mcpu=cortex-m4 -std=gnu11 -g3 -DDEBUG -DSTM32 -DSTM32F4 -DSTM32F407VGTx -c -I../Inc -O0 -ffunction-sections -fdata-sections -Wall -fstack-usage -MMD -MP -MF"Src/main.d" -MT"Src/main.o" --specs=nano.specs -mfpu=fpv4-sp-d16 -mfloat-abi=hard -mthumb -o "Src/main.o"
../Src/main.c: In function 'main':
../Src/main.c:34:13: warning: unused variable 'p_gpio_moder_reg' [-Wunused-variable]
   34 |  uint32_t * p_gpio_moder_reg = (uint32_t*) 0x40020C00;
      |             ^~~~~~~~~~~~~~~~
arm-none-eabi-gcc -o "AmatorPro.elf" @"objects.list"   -mcpu=cortex-m4 -T"C:\Users\metab\STM32CubeIDE\workspace_1.10.1_CourseWS\AmatorPro\STM32F407VGTX_FLASH.ld" --specs=nosys.specs -Wl,-Map="AmatorPro.map" -Wl,--gc-sections -static --specs=nano.specs -mfpu=fpv4-sp-d16 -mfloat-abi=hard -mthumb -Wl,--start-group -lc -lm -Wl,--end-group
Finished building target: AmatorPro.elf
 
arm-none-eabi-size   AmatorPro.elf 
arm-none-eabi-objdump -h -S  AmatorPro.elf  > "AmatorPro.list"
   text	   data	    bss	    dec	    hex	filename
    704	      8	   1568	   2280	    8e8	AmatorPro.elf
Finished building: default.size.stdout
 
Finished building: AmatorPro.list
 
18:21:19 **** Incremental Build of configuration Debug for project AmatorPro ****
make -j8 all 
arm-none-eabi-gcc "../Src/main.c" -mcpu=cortex-m4 -std=gnu11 -g3 -DDEBUG -DSTM32 -DSTM32F4 -DSTM32F407VGTx -c -I../Inc -O0 -ffunction-sections -fdata-sections -Wall -fstack-usage -MMD -MP -MF"Src/main.d" -MT"Src/main.o" --specs=nano.specs -mfpu=fpv4-sp-d16 -mfloat-abi=hard -mthumb -o "Src/main.o"
arm-none-eabi-gcc -o "AmatorPro.elf" @"objects.list"   -mcpu=cortex-m4 -T"C:\Users\metab\STM32CubeIDE\workspace_1.10.1_CourseWS\AmatorPro\STM32F407VGTX_FLASH.ld" --specs=nosys.specs -Wl,-Map="AmatorPro.map" -Wl,--gc-sections -static --specs=nano.specs -mfpu=fpv4-sp-d16 -mfloat-abi=hard -mthumb -Wl,--start-group -lc -lm -Wl,--end-group
Finished building target: AmatorPro.elf
 
arm-none-eabi-size   AmatorPro.elf 
arm-none-eabi-objdump -h -S  AmatorPro.elf  > "AmatorPro.list"
   text	   data	    bss	    dec	    hex	filename
    712	      8	   1568	   2288	    8f0	AmatorPro.elf
Finished building: default.size.stdout
 
Finished building: AmatorPro.list
 
18:21:32 **** Incremental Build of configuration Debug for project AmatorPro ****
make -j8 all 
arm-none-eabi-gcc "../Src/main.c" -mcpu=cortex-m4 -std=gnu11 -g3 -DDEBUG -DSTM32 -DSTM32F4 -DSTM32F407VGTx -c -I../Inc -O0 -ffunction-sections -fdata-sections -Wall -fstack-usage -MMD -MP -MF"Src/main.d" -MT"Src/main.o" --specs=nano.specs -mfpu=fpv4-sp-d16 -mfloat-abi=hard -mthumb -o "Src/main.o"
arm-none-eabi-gcc -o "AmatorPro.elf" @"objects.list"   -mcpu=cortex-m4 -T"C:\Users\metab\STM32CubeIDE\workspace_1.10.1_CourseWS\AmatorPro\STM32F407VGTX_FLASH.ld" --specs=nosys.specs -Wl,-Map="AmatorPro.map" -Wl,--gc-sections -static --specs=nano.specs -mfpu=fpv4-sp-d16 -mfloat-abi=hard -mthumb -Wl,--start-group -lc -lm -Wl,--end-group
Finished building target: AmatorPro.elf
 
arm-none-eabi-size   AmatorPro.elf 
arm-none-eabi-objdump -h -S  AmatorPro.elf  > "AmatorPro.list"
   text	   data	    bss	    dec	    hex	filename
    712	      8	   1568	   2288	    8f0	AmatorPro.elf
Finished building: default.size.stdout
 
Finished building: AmatorPro.list
 
18:50:49 **** Incremental Build of configuration Debug for project AmatorPro ****
make -j8 all 
arm-none-eabi-gcc "../Src/main.c" -mcpu=cortex-m4 -std=gnu11 -g3 -DDEBUG -DSTM32 -DSTM32F4 -DSTM32F407VGTx -c -I../Inc -O0 -ffunction-sections -fdata-sections -Wall -fstack-usage -MMD -MP -MF"Src/main.d" -MT"Src/main.o" --specs=nano.specs -mfpu=fpv4-sp-d16 -mfloat-abi=hard -mthumb -o "Src/main.o"
../Src/main.c: In function 'main':
../Src/main.c:33:13: error: expected expression before 'uint32_t'
   33 |  (volatile) uint32_t* p_rcc_ahb1_reg=(uint32_t*)(0x40023800+0x30);
      |             ^~~~~~~~
../Src/main.c:33:2: warning: type defaults to 'int' in type name [-Wimplicit-int]
   33 |  (volatile) uint32_t* p_rcc_ahb1_reg=(uint32_t*)(0x40023800+0x30);
      |  ^
../Src/main.c:34:3: error: 'p_rcc_ahb1_reg' undeclared (first use in this function)
   34 |  *p_rcc_ahb1_reg |= (1u<<3); //D portu clock enable
      |   ^~~~~~~~~~~~~~
../Src/main.c:34:3: note: each undeclared identifier is reported only once for each function it appears in
../Src/main.c:35:13: error: expected expression before 'uint32_t'
   35 |  (volatile) uint32_t * p_gpio_moder_reg = (uint32_t*) 0x40020C00;
      |             ^~~~~~~~
../Src/main.c:35:2: warning: type defaults to 'int' in type name [-Wimplicit-int]
   35 |  (volatile) uint32_t * p_gpio_moder_reg = (uint32_t*) 0x40020C00;
      |  ^
../Src/main.c:36:4: error: 'p_gpio_moder_reg' undeclared (first use in this function)
   36 |  * p_gpio_moder_reg=(1u<<26);
      |    ^~~~~~~~~~~~~~~~
make: *** [Src/subdir.mk:25: Src/main.o] Error 1
"make -j8 all" terminated with exit code 2. Build might be incomplete.
18:50:59 **** Incremental Build of configuration Debug for project AmatorPro ****
make -j8 all 
arm-none-eabi-gcc "../Src/main.c" -mcpu=cortex-m4 -std=gnu11 -g3 -DDEBUG -DSTM32 -DSTM32F4 -DSTM32F407VGTx -c -I../Inc -O0 -ffunction-sections -fdata-sections -Wall -fstack-usage -MMD -MP -MF"Src/main.d" -MT"Src/main.o" --specs=nano.specs -mfpu=fpv4-sp-d16 -mfloat-abi=hard -mthumb -o "Src/main.o"
arm-none-eabi-gcc -o "AmatorPro.elf" @"objects.list"   -mcpu=cortex-m4 -T"C:\Users\metab\STM32CubeIDE\workspace_1.10.1_CourseWS\AmatorPro\STM32F407VGTX_FLASH.ld" --specs=nosys.specs -Wl,-Map="AmatorPro.map" -Wl,--gc-sections -static --specs=nano.specs -mfpu=fpv4-sp-d16 -mfloat-abi=hard -mthumb -Wl,--start-group -lc -lm -Wl,--end-group
Finished building target: AmatorPro.elf
 
arm-none-eabi-size   AmatorPro.elf 
arm-none-eabi-objdump -h -S  AmatorPro.elf  > "AmatorPro.list"
   text	   data	    bss	    dec	    hex	filename
    712	      8	   1568	   2288	    8f0	AmatorPro.elf
Finished building: default.size.stdout
 
Finished building: AmatorPro.list
 
18:57:11 **** Incremental Build of configuration Debug for project AmatorPro ****
make -j8 all 
arm-none-eabi-gcc "../Src/main.c" -mcpu=cortex-m4 -std=gnu11 -g3 -DDEBUG -DSTM32 -DSTM32F4 -DSTM32F407VGTx -c -I../Inc -O0 -ffunction-sections -fdata-sections -Wall -fstack-usage -MMD -MP -MF"Src/main.d" -MT"Src/main.o" --specs=nano.specs -mfpu=fpv4-sp-d16 -mfloat-abi=hard -mthumb -o "Src/main.o"
../Src/main.c: In function 'main':
../Src/main.c:38:21: warning: unused variable 'p_gpio_otype_reg' [-Wunused-variable]
   38 |  volatile uint32_t *p_gpio_otype_reg= (uint32_t*) (0x40020C00+0x04);
      |                     ^~~~~~~~~~~~~~~~
arm-none-eabi-gcc -o "AmatorPro.elf" @"objects.list"   -mcpu=cortex-m4 -T"C:\Users\metab\STM32CubeIDE\workspace_1.10.1_CourseWS\AmatorPro\STM32F407VGTX_FLASH.ld" --specs=nosys.specs -Wl,-Map="AmatorPro.map" -Wl,--gc-sections -static --specs=nano.specs -mfpu=fpv4-sp-d16 -mfloat-abi=hard -mthumb -Wl,--start-group -lc -lm -Wl,--end-group
Finished building target: AmatorPro.elf
 
arm-none-eabi-size   AmatorPro.elf 
arm-none-eabi-objdump -h -S  AmatorPro.elf  > "AmatorPro.list"
   text	   data	    bss	    dec	    hex	filename
    732	      8	   1568	   2308	    904	AmatorPro.elf
Finished building: default.size.stdout
 
Finished building: AmatorPro.list
 
18:58:19 **** Incremental Build of configuration Debug for project AmatorPro ****
make -j8 all 
arm-none-eabi-gcc "../Src/main.c" -mcpu=cortex-m4 -std=gnu11 -g3 -DDEBUG -DSTM32 -DSTM32F4 -DSTM32F407VGTx -c -I../Inc -O0 -ffunction-sections -fdata-sections -Wall -fstack-usage -MMD -MP -MF"Src/main.d" -MT"Src/main.o" --specs=nano.specs -mfpu=fpv4-sp-d16 -mfloat-abi=hard -mthumb -o "Src/main.o"
arm-none-eabi-gcc -o "AmatorPro.elf" @"objects.list"   -mcpu=cortex-m4 -T"C:\Users\metab\STM32CubeIDE\workspace_1.10.1_CourseWS\AmatorPro\STM32F407VGTX_FLASH.ld" --specs=nosys.specs -Wl,-Map="AmatorPro.map" -Wl,--gc-sections -static --specs=nano.specs -mfpu=fpv4-sp-d16 -mfloat-abi=hard -mthumb -Wl,--start-group -lc -lm -Wl,--end-group
Finished building target: AmatorPro.elf
 
arm-none-eabi-size   AmatorPro.elf 
arm-none-eabi-objdump -h -S  AmatorPro.elf  > "AmatorPro.list"
   text	   data	    bss	    dec	    hex	filename
    732	      8	   1568	   2308	    904	AmatorPro.elf
Finished building: default.size.stdout
 
Finished building: AmatorPro.list
 
18:59:16 **** Incremental Build of configuration Debug for project AmatorPro ****
make -j8 all 
arm-none-eabi-gcc "../Src/main.c" -mcpu=cortex-m4 -std=gnu11 -g3 -DDEBUG -DSTM32 -DSTM32F4 -DSTM32F407VGTx -c -I../Inc -O0 -ffunction-sections -fdata-sections -Wall -fstack-usage -MMD -MP -MF"Src/main.d" -MT"Src/main.o" --specs=nano.specs -mfpu=fpv4-sp-d16 -mfloat-abi=hard -mthumb -o "Src/main.o"
arm-none-eabi-gcc -o "AmatorPro.elf" @"objects.list"   -mcpu=cortex-m4 -T"C:\Users\metab\STM32CubeIDE\workspace_1.10.1_CourseWS\AmatorPro\STM32F407VGTX_FLASH.ld" --specs=nosys.specs -Wl,-Map="AmatorPro.map" -Wl,--gc-sections -static --specs=nano.specs -mfpu=fpv4-sp-d16 -mfloat-abi=hard -mthumb -Wl,--start-group -lc -lm -Wl,--end-group
Finished building target: AmatorPro.elf
 
arm-none-eabi-size   AmatorPro.elf 
arm-none-eabi-objdump -h -S  AmatorPro.elf  > "AmatorPro.list"
   text	   data	    bss	    dec	    hex	filename
    752	      8	   1568	   2328	    918	AmatorPro.elf
Finished building: default.size.stdout
 
Finished building: AmatorPro.list
 
18:59:58 **** Incremental Build of configuration Debug for project AmatorPro ****
make -j8 all 
arm-none-eabi-gcc "../Src/main.c" -mcpu=cortex-m4 -std=gnu11 -g3 -DDEBUG -DSTM32 -DSTM32F4 -DSTM32F407VGTx -c -I../Inc -O0 -ffunction-sections -fdata-sections -Wall -fstack-usage -MMD -MP -MF"Src/main.d" -MT"Src/main.o" --specs=nano.specs -mfpu=fpv4-sp-d16 -mfloat-abi=hard -mthumb -o "Src/main.o"
arm-none-eabi-gcc -o "AmatorPro.elf" @"objects.list"   -mcpu=cortex-m4 -T"C:\Users\metab\STM32CubeIDE\workspace_1.10.1_CourseWS\AmatorPro\STM32F407VGTX_FLASH.ld" --specs=nosys.specs -Wl,-Map="AmatorPro.map" -Wl,--gc-sections -static --specs=nano.specs -mfpu=fpv4-sp-d16 -mfloat-abi=hard -mthumb -Wl,--start-group -lc -lm -Wl,--end-group
Finished building target: AmatorPro.elf
 
arm-none-eabi-size   AmatorPro.elf 
arm-none-eabi-objdump -h -S  AmatorPro.elf  > "AmatorPro.list"
   text	   data	    bss	    dec	    hex	filename
    752	      8	   1568	   2328	    918	AmatorPro.elf
Finished building: default.size.stdout
 
Finished building: AmatorPro.list
 
19:46:22 **** Incremental Build of configuration Debug for project AmatorPro ****
make -j8 all 
arm-none-eabi-size   AmatorPro.elf 
   text	   data	    bss	    dec	    hex	filename
    752	      8	   1568	   2328	    918	AmatorPro.elf
Finished building: default.size.stdout
 
20:45:09 **** Incremental Build of configuration Debug for project AmatorPro ****
make -j8 all 
arm-none-eabi-size   AmatorPro.elf 
   text	   data	    bss	    dec	    hex	filename
    752	      8	   1568	   2328	    918	AmatorPro.elf
Finished building: default.size.stdout
 
20:52:38 **** Incremental Build of configuration Debug for project AmatorPro ****
make -j8 all 
arm-none-eabi-size   AmatorPro.elf 
   text	   data	    bss	    dec	    hex	filename
    752	      8	   1568	   2328	    918	AmatorPro.elf
Finished building: default.size.stdout
 
22:08:14 **** Incremental Build of configuration Debug for project ProfPro ****
make -j8 all 
arm-none-eabi-gcc "../Src/main.c" -mcpu=cortex-m4 -std=gnu11 -g3 -DDEBUG -DSTM32 -DSTM32F4 -DSTM32F407VGTx -c -I../Inc -O0 -ffunction-sections -fdata-sections -Wall -fstack-usage -MMD -MP -MF"Src/main.d" -MT"Src/main.o" --specs=nano.specs -mfpu=fpv4-sp-d16 -mfloat-abi=hard -mthumb -o "Src/main.o"
arm-none-eabi-gcc -o "ProfPro.elf" @"objects.list"   -mcpu=cortex-m4 -T"C:\Users\metab\STM32CubeIDE\workspace_1.10.1_CourseWS\ProfPro\STM32F407VGTX_FLASH.ld" --specs=nosys.specs -Wl,-Map="ProfPro.map" -Wl,--gc-sections -static --specs=nano.specs -mfpu=fpv4-sp-d16 -mfloat-abi=hard -mthumb -Wl,--start-group -lc -lm -Wl,--end-group
Finished building target: ProfPro.elf
 
arm-none-eabi-size   ProfPro.elf 
arm-none-eabi-objdump -h -S  ProfPro.elf  > "ProfPro.list"
   text	   data	    bss	    dec	    hex	filename
    676	      8	   1568	   2252	    8cc	ProfPro.elf
Finished building: default.size.stdout
 
Finished building: ProfPro.list
 
23:10:05 **** Incremental Build of configuration Debug for project ProfPro ****
make -j8 all 
arm-none-eabi-size   ProfPro.elf 
   text	   data	    bss	    dec	    hex	filename
    676	      8	   1568	   2252	    8cc	ProfPro.elf
Finished building: default.size.stdout
 
23:10:53 **** Incremental Build of configuration Debug for project ProfPro ****
make -j8 all 
arm-none-eabi-size   ProfPro.elf 
   text	   data	    bss	    dec	    hex	filename
    676	      8	   1568	   2252	    8cc	ProfPro.elf
Finished building: default.size.stdout
 
00:32:01 **** Build of configuration Debug for project ProfPro ****
make -j8 all 
arm-none-eabi-size   ProfPro.elf 
   text	   data	    bss	    dec	    hex	filename
    676	      8	   1568	   2252	    8cc	ProfPro.elf
Finished building: default.size.stdout
 
00:35:51 **** Incremental Build of configuration Debug for project ProfPro ****
make -j8 all 
arm-none-eabi-gcc "../Src/main.c" -mcpu=cortex-m4 -std=gnu11 -g3 -DDEBUG -DSTM32 -DSTM32F4 -DSTM32F407VGTx -c -I../Inc -O0 -ffunction-sections -fdata-sections -Wall -fstack-usage -MMD -MP -MF"Src/main.d" -MT"Src/main.o" --specs=nano.specs -mfpu=fpv4-sp-d16 -mfloat-abi=hard -mthumb -o "Src/main.o"
In file included from ../Src/main.c:21:
../Inc/gpio.h:27:1: warning: unnamed struct/union that defines no instances
   27 | };
      | ^
../Inc/gpio.h:28:16: error: unknown type name 'GPIO_Handle_t'
   28 | void gpio_init(GPIO_Handle_t * pGpio_handle);
      |                ^~~~~~~~~~~~~
../Src/main.c: In function 'main':
../Src/main.c:29:2: error: unknown type name 'GPIO_Handle_t'
   29 |  GPIO_Handle_t Gpio_pd14;
      |  ^~~~~~~~~~~~~
../Src/main.c:29:16: warning: unused variable 'Gpio_pd14' [-Wunused-variable]
   29 |  GPIO_Handle_t Gpio_pd14;
      |                ^~~~~~~~~
make: *** [Src/subdir.mk:25: Src/main.o] Error 1
"make -j8 all" terminated with exit code 2. Build might be incomplete.
00:36:24 **** Incremental Build of configuration Debug for project ProfPro ****
make -j8 all 
arm-none-eabi-gcc "../Src/main.c" -mcpu=cortex-m4 -std=gnu11 -g3 -DDEBUG -DSTM32 -DSTM32F4 -DSTM32F407VGTx -c -I../Inc -O0 -ffunction-sections -fdata-sections -Wall -fstack-usage -MMD -MP -MF"Src/main.d" -MT"Src/main.o" --specs=nano.specs -mfpu=fpv4-sp-d16 -mfloat-abi=hard -mthumb -o "Src/main.o"
../Src/main.c: In function 'main':
../Src/main.c:29:16: warning: unused variable 'Gpio_pd14' [-Wunused-variable]
   29 |  GPIO_Handle_t Gpio_pd14;
      |                ^~~~~~~~~
arm-none-eabi-gcc -o "ProfPro.elf" @"objects.list"   -mcpu=cortex-m4 -T"C:\Users\metab\STM32CubeIDE\workspace_1.10.1_CourseWS\ProfPro\STM32F407VGTX_FLASH.ld" --specs=nosys.specs -Wl,-Map="ProfPro.map" -Wl,--gc-sections -static --specs=nano.specs -mfpu=fpv4-sp-d16 -mfloat-abi=hard -mthumb -Wl,--start-group -lc -lm -Wl,--end-group
Finished building target: ProfPro.elf
 
arm-none-eabi-size   ProfPro.elf 
arm-none-eabi-objdump -h -S  ProfPro.elf  > "ProfPro.list"
   text	   data	    bss	    dec	    hex	filename
    676	      8	   1568	   2252	    8cc	ProfPro.elf
Finished building: default.size.stdout
 
Finished building: ProfPro.list
 
00:37:48 **** Incremental Build of configuration Debug for project ProfPro ****
make -j8 all 
arm-none-eabi-gcc "../Src/main.c" -mcpu=cortex-m4 -std=gnu11 -g3 -DDEBUG -DSTM32 -DSTM32F4 -DSTM32F407VGTx -c -I../Inc -O0 -ffunction-sections -fdata-sections -Wall -fstack-usage -MMD -MP -MF"Src/main.d" -MT"Src/main.o" --specs=nano.specs -mfpu=fpv4-sp-d16 -mfloat-abi=hard -mthumb -o "Src/main.o"
../Src/main.c: In function 'main':
../Src/main.c:30:20: error: 'GPIOD' undeclared (first use in this function); did you mean 'GPIO_H_'?
   30 |  Gpio_pd_14.pGpioX=GPIOD;
      |                    ^~~~~
      |                    GPIO_H_
../Src/main.c:30:20: note: each undeclared identifier is reported only once for each function it appears in
../Src/main.c:29:16: warning: variable 'Gpio_pd_14' set but not used [-Wunused-but-set-variable]
   29 |  GPIO_Handle_t Gpio_pd_14;
      |                ^~~~~~~~~~
make: *** [Src/subdir.mk:25: Src/main.o] Error 1
"make -j8 all" terminated with exit code 2. Build might be incomplete.
00:38:38 **** Incremental Build of configuration Debug for project ProfPro ****
make -j8 all 
arm-none-eabi-gcc "../Src/main.c" -mcpu=cortex-m4 -std=gnu11 -g3 -DDEBUG -DSTM32 -DSTM32F4 -DSTM32F407VGTx -c -I../Inc -O0 -ffunction-sections -fdata-sections -Wall -fstack-usage -MMD -MP -MF"Src/main.d" -MT"Src/main.o" --specs=nano.specs -mfpu=fpv4-sp-d16 -mfloat-abi=hard -mthumb -o "Src/main.o"
../Src/main.c: In function 'main':
../Src/main.c:30:19: warning: assignment to 'GPIO_RegDef_t *' from 'unsigned int' makes pointer from integer without a cast [-Wint-conversion]
   30 |  Gpio_pd_14.pGpioX=0x50050000U; //bunu düzelt GPIOD
      |                   ^
../Src/main.c:29:16: warning: variable 'Gpio_pd_14' set but not used [-Wunused-but-set-variable]
   29 |  GPIO_Handle_t Gpio_pd_14;
      |                ^~~~~~~~~~
arm-none-eabi-gcc -o "ProfPro.elf" @"objects.list"   -mcpu=cortex-m4 -T"C:\Users\metab\STM32CubeIDE\workspace_1.10.1_CourseWS\ProfPro\STM32F407VGTX_FLASH.ld" --specs=nosys.specs -Wl,-Map="ProfPro.map" -Wl,--gc-sections -static --specs=nano.specs -mfpu=fpv4-sp-d16 -mfloat-abi=hard -mthumb -Wl,--start-group -lc -lm -Wl,--end-group
Finished building target: ProfPro.elf
 
arm-none-eabi-size   ProfPro.elf 
arm-none-eabi-objdump -h -S  ProfPro.elf  > "ProfPro.list"
   text	   data	    bss	    dec	    hex	filename
    688	      8	   1568	   2264	    8d8	ProfPro.elf
Finished building: default.size.stdout
 
Finished building: ProfPro.list
 
00:44:44 **** Incremental Build of configuration Debug for project ProfPro ****
make -j8 all 
arm-none-eabi-gcc "../Src/gpio.c" -mcpu=cortex-m4 -std=gnu11 -g3 -DDEBUG -DSTM32 -DSTM32F4 -DSTM32F407VGTx -c -I../Inc -O0 -ffunction-sections -fdata-sections -Wall -fstack-usage -MMD -MP -MF"Src/gpio.d" -MT"Src/gpio.o" --specs=nano.specs -mfpu=fpv4-sp-d16 -mfloat-abi=hard -mthumb -o "Src/gpio.o"
arm-none-eabi-gcc "../Src/main.c" -mcpu=cortex-m4 -std=gnu11 -g3 -DDEBUG -DSTM32 -DSTM32F4 -DSTM32F407VGTx -c -I../Inc -O0 -ffunction-sections -fdata-sections -Wall -fstack-usage -MMD -MP -MF"Src/main.d" -MT"Src/main.o" --specs=nano.specs -mfpu=fpv4-sp-d16 -mfloat-abi=hard -mthumb -o "Src/main.o"
arm-none-eabi-gcc "../Src/syscalls.c" -mcpu=cortex-m4 -std=gnu11 -g3 -DDEBUG -DSTM32 -DSTM32F4 -DSTM32F407VGTx -c -I../Inc -O0 -ffunction-sections -fdata-sections -Wall -fstack-usage -MMD -MP -MF"Src/syscalls.d" -MT"Src/syscalls.o" --specs=nano.specs -mfpu=fpv4-sp-d16 -mfloat-abi=hard -mthumb -o "Src/syscalls.o"
arm-none-eabi-gcc "../Src/sysmem.c" -mcpu=cortex-m4 -std=gnu11 -g3 -DDEBUG -DSTM32 -DSTM32F4 -DSTM32F407VGTx -c -I../Inc -O0 -ffunction-sections -fdata-sections -Wall -fstack-usage -MMD -MP -MF"Src/sysmem.d" -MT"Src/sysmem.o" --specs=nano.specs -mfpu=fpv4-sp-d16 -mfloat-abi=hard -mthumb -o "Src/sysmem.o"
../Src/main.c: In function 'main':
../Src/main.c:30:19: warning: assignment to 'GPIO_RegDef_t *' from 'int' makes pointer from integer without a cast [-Wint-conversion]
   30 |  Gpio_pd_14.pGpioX=0x40020400; //bunu düzelt GPIOD
      |                   ^
../Src/main.c:29:16: warning: variable 'Gpio_pd_14' set but not used [-Wunused-but-set-variable]
   29 |  GPIO_Handle_t Gpio_pd_14;
      |                ^~~~~~~~~~
arm-none-eabi-gcc -o "ProfPro.elf" @"objects.list"   -mcpu=cortex-m4 -T"C:\Users\metab\STM32CubeIDE\workspace_1.10.1_CourseWS\ProfPro\STM32F407VGTX_FLASH.ld" --specs=nosys.specs -Wl,-Map="ProfPro.map" -Wl,--gc-sections -static --specs=nano.specs -mfpu=fpv4-sp-d16 -mfloat-abi=hard -mthumb -Wl,--start-group -lc -lm -Wl,--end-group
Finished building target: ProfPro.elf
 
arm-none-eabi-size   ProfPro.elf 
arm-none-eabi-objdump -h -S  ProfPro.elf  > "ProfPro.list"
   text	   data	    bss	    dec	    hex	filename
    688	      8	   1568	   2264	    8d8	ProfPro.elf
Finished building: default.size.stdout
 
Finished building: ProfPro.list
 
00:45:16 **** Incremental Build of configuration Debug for project ProfPro ****
make -j8 all 
arm-none-eabi-gcc "../Src/main.c" -mcpu=cortex-m4 -std=gnu11 -g3 -DDEBUG -DSTM32 -DSTM32F4 -DSTM32F407VGTx -c -I../Inc -O0 -ffunction-sections -fdata-sections -Wall -fstack-usage -MMD -MP -MF"Src/main.d" -MT"Src/main.o" --specs=nano.specs -mfpu=fpv4-sp-d16 -mfloat-abi=hard -mthumb -o "Src/main.o"
../Src/main.c: In function 'main':
../Src/main.c:29:16: warning: variable 'Gpio_pd_14' set but not used [-Wunused-but-set-variable]
   29 |  GPIO_Handle_t Gpio_pd_14;
      |                ^~~~~~~~~~
arm-none-eabi-gcc -o "ProfPro.elf" @"objects.list"   -mcpu=cortex-m4 -T"C:\Users\metab\STM32CubeIDE\workspace_1.10.1_CourseWS\ProfPro\STM32F407VGTX_FLASH.ld" --specs=nosys.specs -Wl,-Map="ProfPro.map" -Wl,--gc-sections -static --specs=nano.specs -mfpu=fpv4-sp-d16 -mfloat-abi=hard -mthumb -Wl,--start-group -lc -lm -Wl,--end-group
Finished building target: ProfPro.elf
 
arm-none-eabi-size   ProfPro.elf 
arm-none-eabi-objdump -h -S  ProfPro.elf  > "ProfPro.list"
   text	   data	    bss	    dec	    hex	filename
    688	      8	   1568	   2264	    8d8	ProfPro.elf
Finished building: default.size.stdout
 
Finished building: ProfPro.list
 
00:48:49 **** Incremental Build of configuration Debug for project ProfPro ****
make -j8 all 
arm-none-eabi-gcc "../Src/main.c" -mcpu=cortex-m4 -std=gnu11 -g3 -DDEBUG -DSTM32 -DSTM32F4 -DSTM32F407VGTx -c -I../Inc -O0 -ffunction-sections -fdata-sections -Wall -fstack-usage -MMD -MP -MF"Src/main.d" -MT"Src/main.o" --specs=nano.specs -mfpu=fpv4-sp-d16 -mfloat-abi=hard -mthumb -o "Src/main.o"
../Src/main.c: In function 'main':
../Src/main.c:29:16: warning: variable 'Gpio_pd_14' set but not used [-Wunused-but-set-variable]
   29 |  GPIO_Handle_t Gpio_pd_14;
      |                ^~~~~~~~~~
arm-none-eabi-gcc -o "ProfPro.elf" @"objects.list"   -mcpu=cortex-m4 -T"C:\Users\metab\STM32CubeIDE\workspace_1.10.1_CourseWS\ProfPro\STM32F407VGTX_FLASH.ld" --specs=nosys.specs -Wl,-Map="ProfPro.map" -Wl,--gc-sections -static --specs=nano.specs -mfpu=fpv4-sp-d16 -mfloat-abi=hard -mthumb -Wl,--start-group -lc -lm -Wl,--end-group
Finished building target: ProfPro.elf
 
arm-none-eabi-size   ProfPro.elf 
arm-none-eabi-objdump -h -S  ProfPro.elf  > "ProfPro.list"
   text	   data	    bss	    dec	    hex	filename
    692	      8	   1568	   2268	    8dc	ProfPro.elf
Finished building: default.size.stdout
 
Finished building: ProfPro.list
 
00:49:35 **** Incremental Build of configuration Debug for project ProfPro ****
make -j8 all 
arm-none-eabi-gcc "../Src/main.c" -mcpu=cortex-m4 -std=gnu11 -g3 -DDEBUG -DSTM32 -DSTM32F4 -DSTM32F407VGTx -c -I../Inc -O0 -ffunction-sections -fdata-sections -Wall -fstack-usage -MMD -MP -MF"Src/main.d" -MT"Src/main.o" --specs=nano.specs -mfpu=fpv4-sp-d16 -mfloat-abi=hard -mthumb -o "Src/main.o"
../Src/main.c: In function 'main':
../Src/main.c:29:16: warning: variable 'Gpio_pd_14' set but not used [-Wunused-but-set-variable]
   29 |  GPIO_Handle_t Gpio_pd_14;
      |                ^~~~~~~~~~
arm-none-eabi-gcc -o "ProfPro.elf" @"objects.list"   -mcpu=cortex-m4 -T"C:\Users\metab\STM32CubeIDE\workspace_1.10.1_CourseWS\ProfPro\STM32F407VGTX_FLASH.ld" --specs=nosys.specs -Wl,-Map="ProfPro.map" -Wl,--gc-sections -static --specs=nano.specs -mfpu=fpv4-sp-d16 -mfloat-abi=hard -mthumb -Wl,--start-group -lc -lm -Wl,--end-group
Finished building target: ProfPro.elf
 
arm-none-eabi-size   ProfPro.elf 
arm-none-eabi-objdump -h -S  ProfPro.elf  > "ProfPro.list"
   text	   data	    bss	    dec	    hex	filename
    692	      8	   1568	   2268	    8dc	ProfPro.elf
Finished building: default.size.stdout
 
Finished building: ProfPro.list
 
00:44:28 **** Incremental Build of configuration Debug for project ProfPro ****
make -j8 all 
arm-none-eabi-gcc "../Src/gpio.c" -mcpu=cortex-m4 -std=gnu11 -g3 -DDEBUG -DSTM32 -DSTM32F4 -DSTM32F407VGTx -c -I../Inc -O0 -ffunction-sections -fdata-sections -Wall -fstack-usage -MMD -MP -MF"Src/gpio.d" -MT"Src/gpio.o" --specs=nano.specs -mfpu=fpv4-sp-d16 -mfloat-abi=hard -mthumb -o "Src/gpio.o"
arm-none-eabi-gcc "../Src/main.c" -mcpu=cortex-m4 -std=gnu11 -g3 -DDEBUG -DSTM32 -DSTM32F4 -DSTM32F407VGTx -c -I../Inc -O0 -ffunction-sections -fdata-sections -Wall -fstack-usage -MMD -MP -MF"Src/main.d" -MT"Src/main.o" --specs=nano.specs -mfpu=fpv4-sp-d16 -mfloat-abi=hard -mthumb -o "Src/main.o"
../Src/main.c: In function 'main':
../Src/main.c:29:16: warning: variable 'Gpio_pd_14' set but not used [-Wunused-but-set-variable]
   29 |  GPIO_Handle_t Gpio_pd_14;
      |                ^~~~~~~~~~
arm-none-eabi-gcc -o "ProfPro.elf" @"objects.list"   -mcpu=cortex-m4 -T"C:\Users\metab\STM32CubeIDE\workspace_1.10.1_CourseWS\ProfPro\STM32F407VGTX_FLASH.ld" --specs=nosys.specs -Wl,-Map="ProfPro.map" -Wl,--gc-sections -static --specs=nano.specs -mfpu=fpv4-sp-d16 -mfloat-abi=hard -mthumb -Wl,--start-group -lc -lm -Wl,--end-group
Finished building target: ProfPro.elf
 
arm-none-eabi-size   ProfPro.elf 
arm-none-eabi-objdump -h -S  ProfPro.elf  > "ProfPro.list"
   text	   data	    bss	    dec	    hex	filename
    688	      8	   1568	   2264	    8d8	ProfPro.elf
Finished building: default.size.stdout
 
Finished building: ProfPro.list
 
00:47:01 **** Incremental Build of configuration Debug for project ProfPro ****
make -j8 all 
arm-none-eabi-gcc "../Src/gpio.c" -mcpu=cortex-m4 -std=gnu11 -g3 -DDEBUG -DSTM32 -DSTM32F4 -DSTM32F407VGTx -c -I../Inc -O0 -ffunction-sections -fdata-sections -Wall -fstack-usage -MMD -MP -MF"Src/gpio.d" -MT"Src/gpio.o" --specs=nano.specs -mfpu=fpv4-sp-d16 -mfloat-abi=hard -mthumb -o "Src/gpio.o"
arm-none-eabi-gcc "../Src/main.c" -mcpu=cortex-m4 -std=gnu11 -g3 -DDEBUG -DSTM32 -DSTM32F4 -DSTM32F407VGTx -c -I../Inc -O0 -ffunction-sections -fdata-sections -Wall -fstack-usage -MMD -MP -MF"Src/main.d" -MT"Src/main.o" --specs=nano.specs -mfpu=fpv4-sp-d16 -mfloat-abi=hard -mthumb -o "Src/main.o"
../Src/main.c: In function 'main':
../Src/main.c:29:16: warning: variable 'Gpio_pd_14' set but not used [-Wunused-but-set-variable]
   29 |  GPIO_Handle_t Gpio_pd_14;
      |                ^~~~~~~~~~
arm-none-eabi-gcc -o "ProfPro.elf" @"objects.list"   -mcpu=cortex-m4 -T"C:\Users\metab\STM32CubeIDE\workspace_1.10.1_CourseWS\ProfPro\STM32F407VGTX_FLASH.ld" --specs=nosys.specs -Wl,-Map="ProfPro.map" -Wl,--gc-sections -static --specs=nano.specs -mfpu=fpv4-sp-d16 -mfloat-abi=hard -mthumb -Wl,--start-group -lc -lm -Wl,--end-group
Finished building target: ProfPro.elf
 
arm-none-eabi-size   ProfPro.elf 
arm-none-eabi-objdump -h -S  ProfPro.elf  > "ProfPro.list"
   text	   data	    bss	    dec	    hex	filename
    692	      8	   1568	   2268	    8dc	ProfPro.elf
Finished building: default.size.stdout
 
Finished building: ProfPro.list
 
00:53:25 **** Incremental Build of configuration Debug for project ProfPro ****
make -j8 all 
arm-none-eabi-gcc "../Src/gpio.c" -mcpu=cortex-m4 -std=gnu11 -g3 -DDEBUG -DSTM32 -DSTM32F4 -DSTM32F407VGTx -c -I../Inc -O0 -ffunction-sections -fdata-sections -Wall -fstack-usage -MMD -MP -MF"Src/gpio.d" -MT"Src/gpio.o" --specs=nano.specs -mfpu=fpv4-sp-d16 -mfloat-abi=hard -mthumb -o "Src/gpio.o"
arm-none-eabi-gcc "../Src/main.c" -mcpu=cortex-m4 -std=gnu11 -g3 -DDEBUG -DSTM32 -DSTM32F4 -DSTM32F407VGTx -c -I../Inc -O0 -ffunction-sections -fdata-sections -Wall -fstack-usage -MMD -MP -MF"Src/main.d" -MT"Src/main.o" --specs=nano.specs -mfpu=fpv4-sp-d16 -mfloat-abi=hard -mthumb -o "Src/main.o"
../Src/main.c: In function 'main':
../Src/main.c:33:40: error: 'GPIO_out' undeclared (first use in this function)
   33 |  Gpio_pd_14.gPIO_pinConfig.pin_otype = GPIO_out
      |                                        ^~~~~~~~
../Src/main.c:33:40: note: each undeclared identifier is reported only once for each function it appears in
../Src/main.c:33:48: error: expected ';' before 'while'
   33 |  Gpio_pd_14.gPIO_pinConfig.pin_otype = GPIO_out
      |                                                ^
      |                                                ;
   34 | 
   35 |     while(1)
      |     ~~~~~                                       
../Src/main.c:29:16: warning: variable 'Gpio_pd_14' set but not used [-Wunused-but-set-variable]
   29 |  GPIO_Handle_t Gpio_pd_14;
      |                ^~~~~~~~~~
make: *** [Src/subdir.mk:28: Src/main.o] Error 1
make: *** Waiting for unfinished jobs....
"make -j8 all" terminated with exit code 2. Build might be incomplete.
00:53:39 **** Incremental Build of configuration Debug for project ProfPro ****
make -j8 all 
arm-none-eabi-gcc "../Src/main.c" -mcpu=cortex-m4 -std=gnu11 -g3 -DDEBUG -DSTM32 -DSTM32F4 -DSTM32F407VGTx -c -I../Inc -O0 -ffunction-sections -fdata-sections -Wall -fstack-usage -MMD -MP -MF"Src/main.d" -MT"Src/main.o" --specs=nano.specs -mfpu=fpv4-sp-d16 -mfloat-abi=hard -mthumb -o "Src/main.o"
../Src/main.c: In function 'main':
../Src/main.c:29:16: warning: variable 'Gpio_pd_14' set but not used [-Wunused-but-set-variable]
   29 |  GPIO_Handle_t Gpio_pd_14;
      |                ^~~~~~~~~~
arm-none-eabi-gcc -o "ProfPro.elf" @"objects.list"   -mcpu=cortex-m4 -T"C:\Users\metab\STM32CubeIDE\workspace_1.10.1_CourseWS\ProfPro\STM32F407VGTX_FLASH.ld" --specs=nosys.specs -Wl,-Map="ProfPro.map" -Wl,--gc-sections -static --specs=nano.specs -mfpu=fpv4-sp-d16 -mfloat-abi=hard -mthumb -Wl,--start-group -lc -lm -Wl,--end-group
Finished building target: ProfPro.elf
 
arm-none-eabi-size   ProfPro.elf 
arm-none-eabi-objdump -h -S  ProfPro.elf  > "ProfPro.list"
   text	   data	    bss	    dec	    hex	filename
    696	      8	   1568	   2272	    8e0	ProfPro.elf
Finished building: default.size.stdout
 
Finished building: ProfPro.list
 
01:03:16 **** Incremental Build of configuration Debug for project ProfPro ****
make -j8 all 
arm-none-eabi-gcc "../Src/gpio.c" -mcpu=cortex-m4 -std=gnu11 -g3 -DDEBUG -DSTM32 -DSTM32F4 -DSTM32F407VGTx -c -I../Inc -O0 -ffunction-sections -fdata-sections -Wall -fstack-usage -MMD -MP -MF"Src/gpio.d" -MT"Src/gpio.o" --specs=nano.specs -mfpu=fpv4-sp-d16 -mfloat-abi=hard -mthumb -o "Src/gpio.o"
arm-none-eabi-gcc "../Src/main.c" -mcpu=cortex-m4 -std=gnu11 -g3 -DDEBUG -DSTM32 -DSTM32F4 -DSTM32F407VGTx -c -I../Inc -O0 -ffunction-sections -fdata-sections -Wall -fstack-usage -MMD -MP -MF"Src/main.d" -MT"Src/main.o" --specs=nano.specs -mfpu=fpv4-sp-d16 -mfloat-abi=hard -mthumb -o "Src/main.o"
../Src/main.c: In function 'main':
../Src/main.c:37:12: error: 'pGpio_pd_14' undeclared (first use in this function); did you mean 'Gpio_pd_14'?
   37 |  gpio_init(pGpio_pd_14);
      |            ^~~~~~~~~~~
      |            Gpio_pd_14
../Src/main.c:37:12: note: each undeclared identifier is reported only once for each function it appears in
../Src/main.c:29:16: warning: variable 'Gpio_pd_14' set but not used [-Wunused-but-set-variable]
   29 |  GPIO_Handle_t Gpio_pd_14;
      |                ^~~~~~~~~~
make: *** [Src/subdir.mk:28: Src/main.o] Error 1
make: *** Waiting for unfinished jobs....
"make -j8 all" terminated with exit code 2. Build might be incomplete.
18:24:12 **** Incremental Build of configuration Debug for project ProfPro ****
make -j8 all 
arm-none-eabi-gcc "../Src/gpio.c" -mcpu=cortex-m4 -std=gnu11 -g3 -DDEBUG -DSTM32 -DSTM32F4 -DSTM32F407VGTx -c -I../Inc -O0 -ffunction-sections -fdata-sections -Wall -fstack-usage -MMD -MP -MF"Src/gpio.d" -MT"Src/gpio.o" --specs=nano.specs -mfpu=fpv4-sp-d16 -mfloat-abi=hard -mthumb -o "Src/gpio.o"
arm-none-eabi-gcc "../Src/main.c" -mcpu=cortex-m4 -std=gnu11 -g3 -DDEBUG -DSTM32 -DSTM32F4 -DSTM32F407VGTx -c -I../Inc -O0 -ffunction-sections -fdata-sections -Wall -fstack-usage -MMD -MP -MF"Src/main.d" -MT"Src/main.o" --specs=nano.specs -mfpu=fpv4-sp-d16 -mfloat-abi=hard -mthumb -o "Src/main.o"
../Src/main.c: In function 'main':
../Src/main.c:37:12: error: 'pGpio_pd_14' undeclared (first use in this function); did you mean 'Gpio_pd_14'?
   37 |  gpio_init(pGpio_pd_14);
      |            ^~~~~~~~~~~
      |            Gpio_pd_14
../Src/main.c:37:12: note: each undeclared identifier is reported only once for each function it appears in
../Src/main.c:29:16: warning: variable 'Gpio_pd_14' set but not used [-Wunused-but-set-variable]
   29 |  GPIO_Handle_t Gpio_pd_14;
      |                ^~~~~~~~~~
make: *** [Src/subdir.mk:28: Src/main.o] Error 1
make: *** Waiting for unfinished jobs....
"make -j8 all" terminated with exit code 2. Build might be incomplete.
18:42:45 **** Incremental Build of configuration Debug for project ProfPro ****
make -j8 all 
arm-none-eabi-gcc "../Src/gpio.c" -mcpu=cortex-m4 -std=gnu11 -g3 -DDEBUG -DSTM32 -DSTM32F4 -DSTM32F407VGTx -c -I../Inc -O0 -ffunction-sections -fdata-sections -Wall -fstack-usage -MMD -MP -MF"Src/gpio.d" -MT"Src/gpio.o" --specs=nano.specs -mfpu=fpv4-sp-d16 -mfloat-abi=hard -mthumb -o "Src/gpio.o"
arm-none-eabi-gcc "../Src/main.c" -mcpu=cortex-m4 -std=gnu11 -g3 -DDEBUG -DSTM32 -DSTM32F4 -DSTM32F407VGTx -c -I../Inc -O0 -ffunction-sections -fdata-sections -Wall -fstack-usage -MMD -MP -MF"Src/main.d" -MT"Src/main.o" --specs=nano.specs -mfpu=fpv4-sp-d16 -mfloat-abi=hard -mthumb -o "Src/main.o"
../Src/main.c: In function 'main':
../Src/main.c:37:12: error: 'pGpio_pd_14' undeclared (first use in this function); did you mean 'Gpio_pd_14'?
   37 |  gpio_init(pGpio_pd_14);
      |            ^~~~~~~~~~~
      |            Gpio_pd_14
../Src/main.c:37:12: note: each undeclared identifier is reported only once for each function it appears in
../Src/main.c:29:16: warning: variable 'Gpio_pd_14' set but not used [-Wunused-but-set-variable]
   29 |  GPIO_Handle_t Gpio_pd_14;
      |                ^~~~~~~~~~
make: *** [Src/subdir.mk:28: Src/main.o] Error 1
make: *** Waiting for unfinished jobs....
"make -j8 all" terminated with exit code 2. Build might be incomplete.
18:42:54 **** Incremental Build of configuration Debug for project ProfPro ****
make -j8 all 
arm-none-eabi-gcc "../Src/main.c" -mcpu=cortex-m4 -std=gnu11 -g3 -DDEBUG -DSTM32 -DSTM32F4 -DSTM32F407VGTx -c -I../Inc -O0 -ffunction-sections -fdata-sections -Wall -fstack-usage -MMD -MP -MF"Src/main.d" -MT"Src/main.o" --specs=nano.specs -mfpu=fpv4-sp-d16 -mfloat-abi=hard -mthumb -o "Src/main.o"
../Src/main.c: In function 'main':
../Src/main.c:37:12: error: 'pGpio_pd_14' undeclared (first use in this function); did you mean 'Gpio_pd_14'?
   37 |  gpio_init(pGpio_pd_14);
      |            ^~~~~~~~~~~
      |            Gpio_pd_14
../Src/main.c:37:12: note: each undeclared identifier is reported only once for each function it appears in
../Src/main.c:29:16: warning: variable 'Gpio_pd_14' set but not used [-Wunused-but-set-variable]
   29 |  GPIO_Handle_t Gpio_pd_14;
      |                ^~~~~~~~~~
make: *** [Src/subdir.mk:28: Src/main.o] Error 1
"make -j8 all" terminated with exit code 2. Build might be incomplete.
18:43:08 **** Incremental Build of configuration Debug for project ProfPro ****
make -j8 all 
arm-none-eabi-gcc "../Src/main.c" -mcpu=cortex-m4 -std=gnu11 -g3 -DDEBUG -DSTM32 -DSTM32F4 -DSTM32F407VGTx -c -I../Inc -O0 -ffunction-sections -fdata-sections -Wall -fstack-usage -MMD -MP -MF"Src/main.d" -MT"Src/main.o" --specs=nano.specs -mfpu=fpv4-sp-d16 -mfloat-abi=hard -mthumb -o "Src/main.o"
../Src/main.c: In function 'main':
../Src/main.c:29:16: warning: variable 'Gpio_pd_14' set but not used [-Wunused-but-set-variable]
   29 |  GPIO_Handle_t Gpio_pd_14;
      |                ^~~~~~~~~~
arm-none-eabi-gcc -o "ProfPro.elf" @"objects.list"   -mcpu=cortex-m4 -T"C:\Users\metab\STM32CubeIDE\workspace_1.10.1_CourseWS\ProfPro\STM32F407VGTX_FLASH.ld" --specs=nosys.specs -Wl,-Map="ProfPro.map" -Wl,--gc-sections -static --specs=nano.specs -mfpu=fpv4-sp-d16 -mfloat-abi=hard -mthumb -Wl,--start-group -lc -lm -Wl,--end-group
Finished building target: ProfPro.elf
 
arm-none-eabi-size   ProfPro.elf 
arm-none-eabi-objdump -h -S  ProfPro.elf  > "ProfPro.list"
   text	   data	    bss	    dec	    hex	filename
    704	      8	   1568	   2280	    8e8	ProfPro.elf
Finished building: default.size.stdout
 
Finished building: ProfPro.list
 
18:44:29 **** Incremental Build of configuration Debug for project ProfPro ****
make -j8 all 
arm-none-eabi-gcc "../Src/gpio.c" -mcpu=cortex-m4 -std=gnu11 -g3 -DDEBUG -DSTM32 -DSTM32F4 -DSTM32F407VGTx -c -I../Inc -O0 -ffunction-sections -fdata-sections -Wall -fstack-usage -MMD -MP -MF"Src/gpio.d" -MT"Src/gpio.o" --specs=nano.specs -mfpu=fpv4-sp-d16 -mfloat-abi=hard -mthumb -o "Src/gpio.o"
arm-none-eabi-gcc "../Src/main.c" -mcpu=cortex-m4 -std=gnu11 -g3 -DDEBUG -DSTM32 -DSTM32F4 -DSTM32F407VGTx -c -I../Inc -O0 -ffunction-sections -fdata-sections -Wall -fstack-usage -MMD -MP -MF"Src/main.d" -MT"Src/main.o" --specs=nano.specs -mfpu=fpv4-sp-d16 -mfloat-abi=hard -mthumb -o "Src/main.o"
../Src/main.c: In function 'main':
../Src/main.c:29:16: warning: variable 'Gpio_pd_14' set but not used [-Wunused-but-set-variable]
   29 |  GPIO_Handle_t Gpio_pd_14;
      |                ^~~~~~~~~~
arm-none-eabi-gcc -o "ProfPro.elf" @"objects.list"   -mcpu=cortex-m4 -T"C:\Users\metab\STM32CubeIDE\workspace_1.10.1_CourseWS\ProfPro\STM32F407VGTX_FLASH.ld" --specs=nosys.specs -Wl,-Map="ProfPro.map" -Wl,--gc-sections -static --specs=nano.specs -mfpu=fpv4-sp-d16 -mfloat-abi=hard -mthumb -Wl,--start-group -lc -lm -Wl,--end-group
Finished building target: ProfPro.elf
 
arm-none-eabi-size   ProfPro.elf 
arm-none-eabi-objdump -h -S  ProfPro.elf  > "ProfPro.list"
   text	   data	    bss	    dec	    hex	filename
    704	      8	   1568	   2280	    8e8	ProfPro.elf
Finished building: default.size.stdout
 
Finished building: ProfPro.list
 
00:44:58 **** Incremental Build of configuration Debug for project ProfPro ****
make -j8 all 
arm-none-eabi-gcc "../Src/gpio.c" -mcpu=cortex-m4 -std=gnu11 -g3 -DDEBUG -DSTM32 -DSTM32F4 -DSTM32F407VGTx -c -I../Inc -O0 -ffunction-sections -fdata-sections -Wall -fstack-usage -MMD -MP -MF"Src/gpio.d" -MT"Src/gpio.o" --specs=nano.specs -mfpu=fpv4-sp-d16 -mfloat-abi=hard -mthumb -o "Src/gpio.o"
arm-none-eabi-gcc "../Src/main.c" -mcpu=cortex-m4 -std=gnu11 -g3 -DDEBUG -DSTM32 -DSTM32F4 -DSTM32F407VGTx -c -I../Inc -O0 -ffunction-sections -fdata-sections -Wall -fstack-usage -MMD -MP -MF"Src/main.d" -MT"Src/main.o" --specs=nano.specs -mfpu=fpv4-sp-d16 -mfloat-abi=hard -mthumb -o "Src/main.o"
../Src/main.c: In function 'main':
../Src/main.c:29:16: warning: variable 'Gpio_pd_14' set but not used [-Wunused-but-set-variable]
   29 |  GPIO_Handle_t Gpio_pd_14;
      |                ^~~~~~~~~~
arm-none-eabi-gcc -o "ProfPro.elf" @"objects.list"   -mcpu=cortex-m4 -T"C:\Users\metab\STM32CubeIDE\workspace_1.10.1_CourseWS\ProfPro\STM32F407VGTX_FLASH.ld" --specs=nosys.specs -Wl,-Map="ProfPro.map" -Wl,--gc-sections -static --specs=nano.specs -mfpu=fpv4-sp-d16 -mfloat-abi=hard -mthumb -Wl,--start-group -lc -lm -Wl,--end-group
Finished building target: ProfPro.elf
 
arm-none-eabi-size   ProfPro.elf 
arm-none-eabi-objdump -h -S  ProfPro.elf  > "ProfPro.list"
   text	   data	    bss	    dec	    hex	filename
    704	      8	   1568	   2280	    8e8	ProfPro.elf
Finished building: default.size.stdout
 
Finished building: ProfPro.list
 
00:46:24 **** Incremental Build of configuration Debug for project ProfPro ****
make -j8 all 
arm-none-eabi-gcc "../Src/gpio.c" -mcpu=cortex-m4 -std=gnu11 -g3 -DDEBUG -DSTM32 -DSTM32F4 -DSTM32F407VGTx -c -I../Inc -O0 -ffunction-sections -fdata-sections -Wall -fstack-usage -MMD -MP -MF"Src/gpio.d" -MT"Src/gpio.o" --specs=nano.specs -mfpu=fpv4-sp-d16 -mfloat-abi=hard -mthumb -o "Src/gpio.o"
arm-none-eabi-gcc "../Src/main.c" -mcpu=cortex-m4 -std=gnu11 -g3 -DDEBUG -DSTM32 -DSTM32F4 -DSTM32F407VGTx -c -I../Inc -O0 -ffunction-sections -fdata-sections -Wall -fstack-usage -MMD -MP -MF"Src/main.d" -MT"Src/main.o" --specs=nano.specs -mfpu=fpv4-sp-d16 -mfloat-abi=hard -mthumb -o "Src/main.o"
../Src/main.c: In function 'main':
../Src/main.c:29:16: warning: variable 'Gpio_pd_14' set but not used [-Wunused-but-set-variable]
   29 |  GPIO_Handle_t Gpio_pd_14;
      |                ^~~~~~~~~~
arm-none-eabi-gcc -o "ProfPro.elf" @"objects.list"   -mcpu=cortex-m4 -T"C:\Users\metab\STM32CubeIDE\workspace_1.10.1_CourseWS\ProfPro\STM32F407VGTX_FLASH.ld" --specs=nosys.specs -Wl,-Map="ProfPro.map" -Wl,--gc-sections -static --specs=nano.specs -mfpu=fpv4-sp-d16 -mfloat-abi=hard -mthumb -Wl,--start-group -lc -lm -Wl,--end-group
Finished building target: ProfPro.elf
 
arm-none-eabi-size   ProfPro.elf 
arm-none-eabi-objdump -h -S  ProfPro.elf  > "ProfPro.list"
   text	   data	    bss	    dec	    hex	filename
    704	      8	   1568	   2280	    8e8	ProfPro.elf
Finished building: default.size.stdout
 
Finished building: ProfPro.list
 
00:47:12 **** Incremental Build of configuration Debug for project ProfPro ****
make -j8 all 
arm-none-eabi-gcc "../Src/gpio.c" -mcpu=cortex-m4 -std=gnu11 -g3 -DDEBUG -DSTM32 -DSTM32F4 -DSTM32F407VGTx -c -I../Inc -O0 -ffunction-sections -fdata-sections -Wall -fstack-usage -MMD -MP -MF"Src/gpio.d" -MT"Src/gpio.o" --specs=nano.specs -mfpu=fpv4-sp-d16 -mfloat-abi=hard -mthumb -o "Src/gpio.o"
arm-none-eabi-gcc "../Src/main.c" -mcpu=cortex-m4 -std=gnu11 -g3 -DDEBUG -DSTM32 -DSTM32F4 -DSTM32F407VGTx -c -I../Inc -O0 -ffunction-sections -fdata-sections -Wall -fstack-usage -MMD -MP -MF"Src/main.d" -MT"Src/main.o" --specs=nano.specs -mfpu=fpv4-sp-d16 -mfloat-abi=hard -mthumb -o "Src/main.o"
../Src/main.c: In function 'main':
../Src/main.c:29:16: warning: variable 'Gpio_pd_14' set but not used [-Wunused-but-set-variable]
   29 |  GPIO_Handle_t Gpio_pd_14;
      |                ^~~~~~~~~~
arm-none-eabi-gcc -o "ProfPro.elf" @"objects.list"   -mcpu=cortex-m4 -T"C:\Users\metab\STM32CubeIDE\workspace_1.10.1_CourseWS\ProfPro\STM32F407VGTX_FLASH.ld" --specs=nosys.specs -Wl,-Map="ProfPro.map" -Wl,--gc-sections -static --specs=nano.specs -mfpu=fpv4-sp-d16 -mfloat-abi=hard -mthumb -Wl,--start-group -lc -lm -Wl,--end-group
Finished building target: ProfPro.elf
 
arm-none-eabi-size   ProfPro.elf 
arm-none-eabi-objdump -h -S  ProfPro.elf  > "ProfPro.list"
   text	   data	    bss	    dec	    hex	filename
    704	      8	   1568	   2280	    8e8	ProfPro.elf
Finished building: default.size.stdout
 
Finished building: ProfPro.list
 
00:50:52 **** Incremental Build of configuration Debug for project ProfPro ****
make -j8 all 
arm-none-eabi-gcc "../Src/main.c" -mcpu=cortex-m4 -std=gnu11 -g3 -DDEBUG -DSTM32 -DSTM32F4 -DSTM32F407VGTx -c -I../Inc -O0 -ffunction-sections -fdata-sections -Wall -fstack-usage -MMD -MP -MF"Src/main.d" -MT"Src/main.o" --specs=nano.specs -mfpu=fpv4-sp-d16 -mfloat-abi=hard -mthumb -o "Src/main.o"
../Src/main.c: In function 'main':
../Src/main.c:37:13: error: 'pGpio_pd_14' undeclared (first use in this function); did you mean 'Gpio_pd_14'?
   37 |  gpio_init(&pGpio_pd_14);
      |             ^~~~~~~~~~~
      |             Gpio_pd_14
../Src/main.c:37:13: note: each undeclared identifier is reported only once for each function it appears in
../Src/main.c:29:16: warning: variable 'Gpio_pd_14' set but not used [-Wunused-but-set-variable]
   29 |  GPIO_Handle_t Gpio_pd_14;
      |                ^~~~~~~~~~
make: *** [Src/subdir.mk:28: Src/main.o] Error 1
"make -j8 all" terminated with exit code 2. Build might be incomplete.
00:52:37 **** Incremental Build of configuration Debug for project ProfPro ****
make -j8 all 
arm-none-eabi-gcc "../Src/main.c" -mcpu=cortex-m4 -std=gnu11 -g3 -DDEBUG -DSTM32 -DSTM32F4 -DSTM32F407VGTx -c -I../Inc -O0 -ffunction-sections -fdata-sections -Wall -fstack-usage -MMD -MP -MF"Src/main.d" -MT"Src/main.o" --specs=nano.specs -mfpu=fpv4-sp-d16 -mfloat-abi=hard -mthumb -o "Src/main.o"
arm-none-eabi-gcc -o "ProfPro.elf" @"objects.list"   -mcpu=cortex-m4 -T"C:\Users\metab\STM32CubeIDE\workspace_1.10.1_CourseWS\ProfPro\STM32F407VGTX_FLASH.ld" --specs=nosys.specs -Wl,-Map="ProfPro.map" -Wl,--gc-sections -static --specs=nano.specs -mfpu=fpv4-sp-d16 -mfloat-abi=hard -mthumb -Wl,--start-group -lc -lm -Wl,--end-group
Finished building target: ProfPro.elf
 
arm-none-eabi-size   ProfPro.elf 
arm-none-eabi-objdump -h -S  ProfPro.elf  > "ProfPro.list"
   text	   data	    bss	    dec	    hex	filename
    732	      8	   1568	   2308	    904	ProfPro.elf
Finished building: default.size.stdout
 
Finished building: ProfPro.list
 
01:10:38 **** Incremental Build of configuration Debug for project ProfPro ****
make -j8 all 
arm-none-eabi-gcc "../Src/gpio.c" -mcpu=cortex-m4 -std=gnu11 -g3 -DDEBUG -DSTM32 -DSTM32F4 -DSTM32F407VGTx -c -I../Inc -O0 -ffunction-sections -fdata-sections -Wall -fstack-usage -MMD -MP -MF"Src/gpio.d" -MT"Src/gpio.o" --specs=nano.specs -mfpu=fpv4-sp-d16 -mfloat-abi=hard -mthumb -o "Src/gpio.o"
../Src/gpio.c: In function 'gpio_init':
../Src/gpio.c:13:54: error: invalid operands to binary * (have 'int' and 'GPIO_Handle_t *')
   13 |  temp = (pGpio_handle->gPIO_pinConfig.pin_mode << (2 * pGpio_handle-gPIO_pinConfig->pin_number));
      |                                                      ^
../Src/gpio.c:13:69: error: 'gPIO_pinConfig' undeclared (first use in this function); did you mean 'GPIO_PinConfig_t'?
   13 |  temp = (pGpio_handle->gPIO_pinConfig.pin_mode << (2 * pGpio_handle-gPIO_pinConfig->pin_number));
      |                                                                     ^~~~~~~~~~~~~~
      |                                                                     GPIO_PinConfig_t
../Src/gpio.c:13:69: note: each undeclared identifier is reported only once for each function it appears in
../Src/gpio.c:14:72: error: invalid type argument of '->' (have 'GPIO_PinConfig_t')
   14 |  pGpio_handle->pGpioX->MODER &= ~(0b11<<(2*pGpio_handle->gPIO_pinConfig->pin_number));
      |                                                                        ^~
../Src/gpio.c:18:11: warning: unused variable 'ttt' [-Wunused-variable]
   18 |  uint32_t ttt;
      |           ^~~
make: *** [Src/subdir.mk:28: Src/gpio.o] Error 1
"make -j8 all" terminated with exit code 2. Build might be incomplete.
01:11:06 **** Incremental Build of configuration Debug for project ProfPro ****
make -j8 all 
arm-none-eabi-gcc "../Src/gpio.c" -mcpu=cortex-m4 -std=gnu11 -g3 -DDEBUG -DSTM32 -DSTM32F4 -DSTM32F407VGTx -c -I../Inc -O0 -ffunction-sections -fdata-sections -Wall -fstack-usage -MMD -MP -MF"Src/gpio.d" -MT"Src/gpio.o" --specs=nano.specs -mfpu=fpv4-sp-d16 -mfloat-abi=hard -mthumb -o "Src/gpio.o"
../Src/gpio.c: In function 'gpio_init':
../Src/gpio.c:13:54: error: invalid operands to binary * (have 'int' and 'GPIO_Handle_t *')
   13 |  temp = (pGpio_handle->gPIO_pinConfig.pin_mode << (2 * pGpio_handle-gPIO_pinConfig.pin_number));
      |                                                      ^
../Src/gpio.c:13:69: error: 'gPIO_pinConfig' undeclared (first use in this function); did you mean 'GPIO_PinConfig_t'?
   13 |  temp = (pGpio_handle->gPIO_pinConfig.pin_mode << (2 * pGpio_handle-gPIO_pinConfig.pin_number));
      |                                                                     ^~~~~~~~~~~~~~
      |                                                                     GPIO_PinConfig_t
../Src/gpio.c:13:69: note: each undeclared identifier is reported only once for each function it appears in
../Src/gpio.c:18:11: warning: unused variable 'ttt' [-Wunused-variable]
   18 |  uint32_t ttt;
      |           ^~~
make: *** [Src/subdir.mk:28: Src/gpio.o] Error 1
"make -j8 all" terminated with exit code 2. Build might be incomplete.
01:11:31 **** Incremental Build of configuration Debug for project ProfPro ****
make -j8 all 
arm-none-eabi-gcc "../Src/gpio.c" -mcpu=cortex-m4 -std=gnu11 -g3 -DDEBUG -DSTM32 -DSTM32F4 -DSTM32F407VGTx -c -I../Inc -O0 -ffunction-sections -fdata-sections -Wall -fstack-usage -MMD -MP -MF"Src/gpio.d" -MT"Src/gpio.o" --specs=nano.specs -mfpu=fpv4-sp-d16 -mfloat-abi=hard -mthumb -o "Src/gpio.o"
../Src/gpio.c: In function 'gpio_init':
../Src/gpio.c:13:54: error: invalid operands to binary * (have 'int' and 'GPIO_Handle_t *')
   13 |  temp = (pGpio_handle->gPIO_pinConfig.pin_mode << (2 * pGpio_handle-gPIO_pinConfig.pin_number));
      |                                                      ^
../Src/gpio.c:13:69: error: 'gPIO_pinConfig' undeclared (first use in this function); did you mean 'GPIO_PinConfig_t'?
   13 |  temp = (pGpio_handle->gPIO_pinConfig.pin_mode << (2 * pGpio_handle-gPIO_pinConfig.pin_number));
      |                                                                     ^~~~~~~~~~~~~~
      |                                                                     GPIO_PinConfig_t
../Src/gpio.c:13:69: note: each undeclared identifier is reported only once for each function it appears in
../Src/gpio.c:18:11: warning: unused variable 'ttt' [-Wunused-variable]
   18 |  uint32_t ttt;
      |           ^~~
make: *** [Src/subdir.mk:28: Src/gpio.o] Error 1
"make -j8 all" terminated with exit code 2. Build might be incomplete.
01:11:57 **** Incremental Build of configuration Debug for project ProfPro ****
make -j8 all 
arm-none-eabi-gcc "../Src/gpio.c" -mcpu=cortex-m4 -std=gnu11 -g3 -DDEBUG -DSTM32 -DSTM32F4 -DSTM32F407VGTx -c -I../Inc -O0 -ffunction-sections -fdata-sections -Wall -fstack-usage -MMD -MP -MF"Src/gpio.d" -MT"Src/gpio.o" --specs=nano.specs -mfpu=fpv4-sp-d16 -mfloat-abi=hard -mthumb -o "Src/gpio.o"
../Src/gpio.c: In function 'gpio_init':
../Src/gpio.c:18:11: warning: unused variable 'ttt' [-Wunused-variable]
   18 |  uint32_t ttt;
      |           ^~~
arm-none-eabi-gcc -o "ProfPro.elf" @"objects.list"   -mcpu=cortex-m4 -T"C:\Users\metab\STM32CubeIDE\workspace_1.10.1_CourseWS\ProfPro\STM32F407VGTX_FLASH.ld" --specs=nosys.specs -Wl,-Map="ProfPro.map" -Wl,--gc-sections -static --specs=nano.specs -mfpu=fpv4-sp-d16 -mfloat-abi=hard -mthumb -Wl,--start-group -lc -lm -Wl,--end-group
Finished building target: ProfPro.elf
 
arm-none-eabi-size   ProfPro.elf 
arm-none-eabi-objdump -h -S  ProfPro.elf  > "ProfPro.list"
   text	   data	    bss	    dec	    hex	filename
    800	      8	   1568	   2376	    948	ProfPro.elf
Finished building: default.size.stdout
 
Finished building: ProfPro.list
 
01:12:52 **** Incremental Build of configuration Debug for project ProfPro ****
make -j8 all 
arm-none-eabi-size   ProfPro.elf 
   text	   data	    bss	    dec	    hex	filename
    800	      8	   1568	   2376	    948	ProfPro.elf
Finished building: default.size.stdout
 
01:18:44 **** Incremental Build of configuration Debug for project ProfPro ****
make -j8 all 
arm-none-eabi-gcc "../Src/main.c" -mcpu=cortex-m4 -std=gnu11 -g3 -DDEBUG -DSTM32 -DSTM32F4 -DSTM32F407VGTx -c -I../Inc -O0 -ffunction-sections -fdata-sections -Wall -fstack-usage -MMD -MP -MF"Src/main.d" -MT"Src/main.o" --specs=nano.specs -mfpu=fpv4-sp-d16 -mfloat-abi=hard -mthumb -o "Src/main.o"
arm-none-eabi-gcc -o "ProfPro.elf" @"objects.list"   -mcpu=cortex-m4 -T"C:\Users\metab\STM32CubeIDE\workspace_1.10.1_CourseWS\ProfPro\STM32F407VGTX_FLASH.ld" --specs=nosys.specs -Wl,-Map="ProfPro.map" -Wl,--gc-sections -static --specs=nano.specs -mfpu=fpv4-sp-d16 -mfloat-abi=hard -mthumb -Wl,--start-group -lc -lm -Wl,--end-group
Finished building target: ProfPro.elf
 
arm-none-eabi-size   ProfPro.elf 
arm-none-eabi-objdump -h -S  ProfPro.elf  > "ProfPro.list"
   text	   data	    bss	    dec	    hex	filename
    828	      8	   1568	   2404	    964	ProfPro.elf
Finished building: default.size.stdout
 
Finished building: ProfPro.list
 
01:20:41 **** Incremental Build of configuration Debug for project ProfPro ****
make -j8 all 
arm-none-eabi-gcc "../Src/main.c" -mcpu=cortex-m4 -std=gnu11 -g3 -DDEBUG -DSTM32 -DSTM32F4 -DSTM32F407VGTx -c -I../Inc -O0 -ffunction-sections -fdata-sections -Wall -fstack-usage -MMD -MP -MF"Src/main.d" -MT"Src/main.o" --specs=nano.specs -mfpu=fpv4-sp-d16 -mfloat-abi=hard -mthumb -o "Src/main.o"
../Src/main.c: In function 'main':
../Src/main.c:30:21: error: 'lu' undeclared (first use in this function)
   30 |  *p_rcc_ahb1_reg |=(lu<<3);
      |                     ^~
../Src/main.c:30:21: note: each undeclared identifier is reported only once for each function it appears in
make: *** [Src/subdir.mk:28: Src/main.o] Error 1
"make -j8 all" terminated with exit code 2. Build might be incomplete.
01:20:45 **** Incremental Build of configuration Debug for project ProfPro ****
make -j8 all 
arm-none-eabi-gcc "../Src/main.c" -mcpu=cortex-m4 -std=gnu11 -g3 -DDEBUG -DSTM32 -DSTM32F4 -DSTM32F407VGTx -c -I../Inc -O0 -ffunction-sections -fdata-sections -Wall -fstack-usage -MMD -MP -MF"Src/main.d" -MT"Src/main.o" --specs=nano.specs -mfpu=fpv4-sp-d16 -mfloat-abi=hard -mthumb -o "Src/main.o"
arm-none-eabi-gcc -o "ProfPro.elf" @"objects.list"   -mcpu=cortex-m4 -T"C:\Users\metab\STM32CubeIDE\workspace_1.10.1_CourseWS\ProfPro\STM32F407VGTX_FLASH.ld" --specs=nosys.specs -Wl,-Map="ProfPro.map" -Wl,--gc-sections -static --specs=nano.specs -mfpu=fpv4-sp-d16 -mfloat-abi=hard -mthumb -Wl,--start-group -lc -lm -Wl,--end-group
Finished building target: ProfPro.elf
 
arm-none-eabi-size   ProfPro.elf 
arm-none-eabi-objdump -h -S  ProfPro.elf  > "ProfPro.list"
   text	   data	    bss	    dec	    hex	filename
    828	      8	   1568	   2404	    964	ProfPro.elf
Finished building: default.size.stdout
 
Finished building: ProfPro.list
 
01:21:04 **** Incremental Build of configuration Debug for project ProfPro ****
make -j8 all 
arm-none-eabi-size   ProfPro.elf 
   text	   data	    bss	    dec	    hex	filename
    828	      8	   1568	   2404	    964	ProfPro.elf
Finished building: default.size.stdout
 
01:23:26 **** Incremental Build of configuration Debug for project ProfPro ****
make -j8 all 
arm-none-eabi-gcc "../Src/gpio.c" -mcpu=cortex-m4 -std=gnu11 -g3 -DDEBUG -DSTM32 -DSTM32F4 -DSTM32F407VGTx -c -I../Inc -O0 -ffunction-sections -fdata-sections -Wall -fstack-usage -MMD -MP -MF"Src/gpio.d" -MT"Src/gpio.o" --specs=nano.specs -mfpu=fpv4-sp-d16 -mfloat-abi=hard -mthumb -o "Src/gpio.o"
arm-none-eabi-gcc "../Src/main.c" -mcpu=cortex-m4 -std=gnu11 -g3 -DDEBUG -DSTM32 -DSTM32F4 -DSTM32F407VGTx -c -I../Inc -O0 -ffunction-sections -fdata-sections -Wall -fstack-usage -MMD -MP -MF"Src/main.d" -MT"Src/main.o" --specs=nano.specs -mfpu=fpv4-sp-d16 -mfloat-abi=hard -mthumb -o "Src/main.o"
../Src/gpio.c: In function 'gpio_init':
../Src/gpio.c:20:11: warning: unused variable 'ttt' [-Wunused-variable]
   20 |  uint32_t ttt;
      |           ^~~
arm-none-eabi-gcc -o "ProfPro.elf" @"objects.list"   -mcpu=cortex-m4 -T"C:\Users\metab\STM32CubeIDE\workspace_1.10.1_CourseWS\ProfPro\STM32F407VGTX_FLASH.ld" --specs=nosys.specs -Wl,-Map="ProfPro.map" -Wl,--gc-sections -static --specs=nano.specs -mfpu=fpv4-sp-d16 -mfloat-abi=hard -mthumb -Wl,--start-group -lc -lm -Wl,--end-group
Finished building target: ProfPro.elf
 
arm-none-eabi-size   ProfPro.elf 
arm-none-eabi-objdump -h -S  ProfPro.elf  > "ProfPro.list"
   text	   data	    bss	    dec	    hex	filename
    828	      8	   1568	   2404	    964	ProfPro.elf
Finished building: default.size.stdout
 
Finished building: ProfPro.list
 
01:26:18 **** Incremental Build of configuration Debug for project ProfPro ****
make -j8 all 
arm-none-eabi-gcc "../Src/gpio.c" -mcpu=cortex-m4 -std=gnu11 -g3 -DDEBUG -DSTM32 -DSTM32F4 -DSTM32F407VGTx -c -I../Inc -O0 -ffunction-sections -fdata-sections -Wall -fstack-usage -MMD -MP -MF"Src/gpio.d" -MT"Src/gpio.o" --specs=nano.specs -mfpu=fpv4-sp-d16 -mfloat-abi=hard -mthumb -o "Src/gpio.o"
../Src/gpio.c: In function 'gpio_init':
../Src/gpio.c:25:11: warning: unused variable 'ttt' [-Wunused-variable]
   25 |  uint32_t ttt;
      |           ^~~
arm-none-eabi-gcc -o "ProfPro.elf" @"objects.list"   -mcpu=cortex-m4 -T"C:\Users\metab\STM32CubeIDE\workspace_1.10.1_CourseWS\ProfPro\STM32F407VGTX_FLASH.ld" --specs=nosys.specs -Wl,-Map="ProfPro.map" -Wl,--gc-sections -static --specs=nano.specs -mfpu=fpv4-sp-d16 -mfloat-abi=hard -mthumb -Wl,--start-group -lc -lm -Wl,--end-group
Finished building target: ProfPro.elf
 
arm-none-eabi-size   ProfPro.elf 
arm-none-eabi-objdump -h -S  ProfPro.elf  > "ProfPro.list"
   text	   data	    bss	    dec	    hex	filename
    892	      8	   1568	   2468	    9a4	ProfPro.elf
Finished building: default.size.stdout
 
Finished building: ProfPro.list
 
[...]
Finished building target: ProfPro.elf
 
arm-none-eabi-size   ProfPro.elf 
arm-none-eabi-objdump -h -S  ProfPro.elf  > "ProfPro.list"
   text	   data	    bss	    dec	    hex	filename
   1412	      8	   1568	   2988	    bac	ProfPro.elf
Finished building: default.size.stdout
 
Finished building: ProfPro.list
 
21:45:00 **** Incremental Build of configuration Debug for project ProfPro ****
make -j8 all 
arm-none-eabi-gcc "../Src/gpio.c" -mcpu=cortex-m4 -std=gnu11 -g3 -DDEBUG -DSTM32 -DSTM32F4 -DSTM32F407VGTx -c -I../Inc -O0 -ffunction-sections -fdata-sections -Wall -fstack-usage -MMD -MP -MF"Src/gpio.d" -MT"Src/gpio.o" --specs=nano.specs -mfpu=fpv4-sp-d16 -mfloat-abi=hard -mthumb -o "Src/gpio.o"
arm-none-eabi-gcc -o "ProfPro.elf" @"objects.list"   -mcpu=cortex-m4 -T"C:\Users\metab\STM32CubeIDE\workspace_1.10.1_CourseWS\ProfPro\STM32F407VGTX_FLASH.ld" --specs=nosys.specs -Wl,-Map="ProfPro.map" -Wl,--gc-sections -static --specs=nano.specs -mfpu=fpv4-sp-d16 -mfloat-abi=hard -mthumb -Wl,--start-group -lc -lm -Wl,--end-group
Finished building target: ProfPro.elf
 
arm-none-eabi-size   ProfPro.elf 
arm-none-eabi-objdump -h -S  ProfPro.elf  > "ProfPro.list"
   text	   data	    bss	    dec	    hex	filename
   1412	      8	   1568	   2988	    bac	ProfPro.elf
Finished building: default.size.stdout
 
Finished building: ProfPro.list
 
21:47:01 **** Incremental Build of configuration Debug for project ProfPro ****
make -j8 all 
arm-none-eabi-gcc "../Src/main.c" -mcpu=cortex-m4 -std=gnu11 -g3 -DDEBUG -DSTM32 -DSTM32F4 -DSTM32F407VGTx -c -I../Inc -O0 -ffunction-sections -fdata-sections -Wall -fstack-usage -MMD -MP -MF"Src/main.d" -MT"Src/main.o" --specs=nano.specs -mfpu=fpv4-sp-d16 -mfloat-abi=hard -mthumb -o "Src/main.o"
In file included from ../Src/main.c:21:
../Src/main.c: In function 'main':
../Inc/gpio.h:93:30: warning: conversion from 'unsigned int' to 'uint8_t' {aka 'unsigned char'} changes value from '32768' to '0' [-Woverflow]
   93 | #define GPIO_PORT_PIN_BLUE   (1U<<15)
      |                              ^~~~~~~~
../Src/main.c:76:38: note: in expansion of macro 'GPIO_PORT_PIN_BLUE'
   76 |      gpio_toggleto_output_pin(GPIOD, GPIO_PORT_PIN_BLUE);
      |                                      ^~~~~~~~~~~~~~~~~~
../Inc/gpio.h:93:30: warning: conversion from 'unsigned int' to 'uint8_t' {aka 'unsigned char'} changes value from '32768' to '0' [-Woverflow]
   93 | #define GPIO_PORT_PIN_BLUE   (1U<<15)
      |                              ^~~~~~~~
../Src/main.c:77:45: note: in expansion of macro 'GPIO_PORT_PIN_BLUE'
   77 |      uint8_t res=gpio_read_input_pin(GPIOD, GPIO_PORT_PIN_BLUE);
      |                                             ^~~~~~~~~~~~~~~~~~
../Src/main.c:77:14: warning: unused variable 'res' [-Wunused-variable]
   77 |      uint8_t res=gpio_read_input_pin(GPIOD, GPIO_PORT_PIN_BLUE);
      |              ^~~
arm-none-eabi-gcc -o "ProfPro.elf" @"objects.list"   -mcpu=cortex-m4 -T"C:\Users\metab\STM32CubeIDE\workspace_1.10.1_CourseWS\ProfPro\STM32F407VGTX_FLASH.ld" --specs=nosys.specs -Wl,-Map="ProfPro.map" -Wl,--gc-sections -static --specs=nano.specs -mfpu=fpv4-sp-d16 -mfloat-abi=hard -mthumb -Wl,--start-group -lc -lm -Wl,--end-group
Finished building target: ProfPro.elf
 
arm-none-eabi-size   ProfPro.elf 
arm-none-eabi-objdump -h -S  ProfPro.elf  > "ProfPro.list"
   text	   data	    bss	    dec	    hex	filename
   1492	      8	   1568	   3068	    bfc	ProfPro.elf
Finished building: default.size.stdout
 
Finished building: ProfPro.list
 
21:56:26 **** Incremental Build of configuration Debug for project ProfPro ****
make -j8 all 
arm-none-eabi-gcc "../Src/gpio.c" -mcpu=cortex-m4 -std=gnu11 -g3 -DDEBUG -DSTM32 -DSTM32F4 -DSTM32F407VGTx -c -I../Inc -O0 -ffunction-sections -fdata-sections -Wall -fstack-usage -MMD -MP -MF"Src/gpio.d" -MT"Src/gpio.o" --specs=nano.specs -mfpu=fpv4-sp-d16 -mfloat-abi=hard -mthumb -o "Src/gpio.o"
arm-none-eabi-gcc "../Src/main.c" -mcpu=cortex-m4 -std=gnu11 -g3 -DDEBUG -DSTM32 -DSTM32F4 -DSTM32F407VGTx -c -I../Inc -O0 -ffunction-sections -fdata-sections -Wall -fstack-usage -MMD -MP -MF"Src/main.d" -MT"Src/main.o" --specs=nano.specs -mfpu=fpv4-sp-d16 -mfloat-abi=hard -mthumb -o "Src/main.o"
In file included from ../Src/main.c:21:
../Src/main.c: In function 'main':
../Inc/gpio.h:93:30: warning: conversion from 'unsigned int' to 'uint8_t' {aka 'unsigned char'} changes value from '32768' to '0' [-Woverflow]
   93 | #define GPIO_PORT_PIN_BLUE   (1U<<15)
      |                              ^~~~~~~~
../Src/main.c:77:45: note: in expansion of macro 'GPIO_PORT_PIN_BLUE'
   77 |      uint8_t res=gpio_read_input_pin(GPIOD, GPIO_PORT_PIN_BLUE);
      |                                             ^~~~~~~~~~~~~~~~~~
../Src/main.c:77:14: warning: unused variable 'res' [-Wunused-variable]
   77 |      uint8_t res=gpio_read_input_pin(GPIOD, GPIO_PORT_PIN_BLUE);
      |              ^~~
arm-none-eabi-gcc -o "ProfPro.elf" @"objects.list"   -mcpu=cortex-m4 -T"C:\Users\metab\STM32CubeIDE\workspace_1.10.1_CourseWS\ProfPro\STM32F407VGTX_FLASH.ld" --specs=nosys.specs -Wl,-Map="ProfPro.map" -Wl,--gc-sections -static --specs=nano.specs -mfpu=fpv4-sp-d16 -mfloat-abi=hard -mthumb -Wl,--start-group -lc -lm -Wl,--end-group
Finished building target: ProfPro.elf
 
arm-none-eabi-size   ProfPro.elf 
arm-none-eabi-objdump -h -S  ProfPro.elf  > "ProfPro.list"
   text	   data	    bss	    dec	    hex	filename
   1492	      8	   1568	   3068	    bfc	ProfPro.elf
Finished building: default.size.stdout
 
Finished building: ProfPro.list
 
21:56:40 **** Incremental Build of configuration Debug for project ProfPro ****
make -j8 all 
arm-none-eabi-size   ProfPro.elf 
   text	   data	    bss	    dec	    hex	filename
   1492	      8	   1568	   3068	    bfc	ProfPro.elf
Finished building: default.size.stdout
 
21:57:59 **** Incremental Build of configuration Debug for project ProfPro ****
make -j8 all 
arm-none-eabi-gcc "../Src/main.c" -mcpu=cortex-m4 -std=gnu11 -g3 -DDEBUG -DSTM32 -DSTM32F4 -DSTM32F407VGTx -c -I../Inc -O0 -ffunction-sections -fdata-sections -Wall -fstack-usage -MMD -MP -MF"Src/main.d" -MT"Src/main.o" --specs=nano.specs -mfpu=fpv4-sp-d16 -mfloat-abi=hard -mthumb -o "Src/main.o"
../Src/main.c: In function 'main':
../Src/main.c:77:14: warning: unused variable 'res' [-Wunused-variable]
   77 |      uint8_t res=gpio_read_input_pin(GPIOD, GPIO_PIN_BLUE);
      |              ^~~
arm-none-eabi-gcc -o "ProfPro.elf" @"objects.list"   -mcpu=cortex-m4 -T"C:\Users\metab\STM32CubeIDE\workspace_1.10.1_CourseWS\ProfPro\STM32F407VGTX_FLASH.ld" --specs=nosys.specs -Wl,-Map="ProfPro.map" -Wl,--gc-sections -static --specs=nano.specs -mfpu=fpv4-sp-d16 -mfloat-abi=hard -mthumb -Wl,--start-group -lc -lm -Wl,--end-group
Finished building target: ProfPro.elf
 
arm-none-eabi-size   ProfPro.elf 
arm-none-eabi-objdump -h -S  ProfPro.elf  > "ProfPro.list"
   text	   data	    bss	    dec	    hex	filename
   1492	      8	   1568	   3068	    bfc	ProfPro.elf
Finished building: default.size.stdout
 
Finished building: ProfPro.list
 
21:58:16 **** Incremental Build of configuration Debug for project ProfPro ****
make -j8 all 
arm-none-eabi-size   ProfPro.elf 
   text	   data	    bss	    dec	    hex	filename
   1492	      8	   1568	   3068	    bfc	ProfPro.elf
Finished building: default.size.stdout
 
22:01:04 **** Incremental Build of configuration Debug for project ProfPro ****
make -j8 all 
arm-none-eabi-gcc "../Src/gpio.c" -mcpu=cortex-m4 -std=gnu11 -g3 -DDEBUG -DSTM32 -DSTM32F4 -DSTM32F407VGTx -c -I../Inc -O0 -ffunction-sections -fdata-sections -Wall -fstack-usage -MMD -MP -MF"Src/gpio.d" -MT"Src/gpio.o" --specs=nano.specs -mfpu=fpv4-sp-d16 -mfloat-abi=hard -mthumb -o "Src/gpio.o"
arm-none-eabi-gcc "../Src/main.c" -mcpu=cortex-m4 -std=gnu11 -g3 -DDEBUG -DSTM32 -DSTM32F4 -DSTM32F407VGTx -c -I../Inc -O0 -ffunction-sections -fdata-sections -Wall -fstack-usage -MMD -MP -MF"Src/main.d" -MT"Src/main.o" --specs=nano.specs -mfpu=fpv4-sp-d16 -mfloat-abi=hard -mthumb -o "Src/main.o"
../Src/gpio.c:95:10: error: conflicting types for 'gpio_read_input_pin'
   95 | uint32_t gpio_read_input_pin(GPIO_RegDef_t *pGpiox, uint32_t pin_no){
      |          ^~~~~~~~~~~~~~~~~~~
In file included from ../Src/gpio.c:7:
../Inc/gpio.h:104:9: note: previous declaration of 'gpio_read_input_pin' was here
  104 | uint8_t gpio_read_input_pin(GPIO_RegDef_t *pGpiox, uint32_t pin_no);
      |         ^~~~~~~~~~~~~~~~~~~
../Src/main.c: In function 'main':
../Src/main.c:77:15: warning: unused variable 'res' [-Wunused-variable]
   77 |      uint32_t res=gpio_read_input_pin(GPIOD, GPIO_PIN_BLUE);
      |               ^~~
make: *** [Src/subdir.mk:28: Src/gpio.o] Error 1
make: *** Waiting for unfinished jobs....
"make -j8 all" terminated with exit code 2. Build might be incomplete.
22:01:18 **** Incremental Build of configuration Debug for project ProfPro ****
make -j8 all 
arm-none-eabi-gcc "../Src/gpio.c" -mcpu=cortex-m4 -std=gnu11 -g3 -DDEBUG -DSTM32 -DSTM32F4 -DSTM32F407VGTx -c -I../Inc -O0 -ffunction-sections -fdata-sections -Wall -fstack-usage -MMD -MP -MF"Src/gpio.d" -MT"Src/gpio.o" --specs=nano.specs -mfpu=fpv4-sp-d16 -mfloat-abi=hard -mthumb -o "Src/gpio.o"
../Src/gpio.c:95:10: error: conflicting types for 'gpio_read_input_pin'
   95 | uint32_t gpio_read_input_pin(GPIO_RegDef_t *pGpiox, uint32_t pin_no){
      |          ^~~~~~~~~~~~~~~~~~~
In file included from ../Src/gpio.c:7:
../Inc/gpio.h:104:9: note: previous declaration of 'gpio_read_input_pin' was here
  104 | uint8_t gpio_read_input_pin(GPIO_RegDef_t *pGpiox, uint32_t pin_no);
      |         ^~~~~~~~~~~~~~~~~~~
make: *** [Src/subdir.mk:28: Src/gpio.o] Error 1
"make -j8 all" terminated with exit code 2. Build might be incomplete.
22:01:36 **** Incremental Build of configuration Debug for project ProfPro ****
make -j8 all 
arm-none-eabi-gcc "../Src/gpio.c" -mcpu=cortex-m4 -std=gnu11 -g3 -DDEBUG -DSTM32 -DSTM32F4 -DSTM32F407VGTx -c -I../Inc -O0 -ffunction-sections -fdata-sections -Wall -fstack-usage -MMD -MP -MF"Src/gpio.d" -MT"Src/gpio.o" --specs=nano.specs -mfpu=fpv4-sp-d16 -mfloat-abi=hard -mthumb -o "Src/gpio.o"
arm-none-eabi-gcc "../Src/main.c" -mcpu=cortex-m4 -std=gnu11 -g3 -DDEBUG -DSTM32 -DSTM32F4 -DSTM32F407VGTx -c -I../Inc -O0 -ffunction-sections -fdata-sections -Wall -fstack-usage -MMD -MP -MF"Src/main.d" -MT"Src/main.o" --specs=nano.specs -mfpu=fpv4-sp-d16 -mfloat-abi=hard -mthumb -o "Src/main.o"
../Src/main.c: In function 'main':
../Src/main.c:77:15: warning: unused variable 'res' [-Wunused-variable]
   77 |      uint32_t res=gpio_read_input_pin(GPIOD, GPIO_PIN_BLUE);
      |               ^~~
arm-none-eabi-gcc -o "ProfPro.elf" @"objects.list"   -mcpu=cortex-m4 -T"C:\Users\metab\STM32CubeIDE\workspace_1.10.1_CourseWS\ProfPro\STM32F407VGTX_FLASH.ld" --specs=nosys.specs -Wl,-Map="ProfPro.map" -Wl,--gc-sections -static --specs=nano.specs -mfpu=fpv4-sp-d16 -mfloat-abi=hard -mthumb -Wl,--start-group -lc -lm -Wl,--end-group
Finished building target: ProfPro.elf
 
arm-none-eabi-size   ProfPro.elf 
arm-none-eabi-objdump -h -S  ProfPro.elf  > "ProfPro.list"
   text	   data	    bss	    dec	    hex	filename
   1480	      8	   1568	   3056	    bf0	ProfPro.elf
Finished building: default.size.stdout
 
Finished building: ProfPro.list
 
22:01:41 **** Incremental Build of configuration Debug for project ProfPro ****
make -j8 all 
arm-none-eabi-size   ProfPro.elf 
   text	   data	    bss	    dec	    hex	filename
   1480	      8	   1568	   3056	    bf0	ProfPro.elf
Finished building: default.size.stdout
 
22:10:26 **** Incremental Build of configuration Debug for project ProfPro ****
make -j8 all 
arm-none-eabi-gcc "../Src/gpio.c" -mcpu=cortex-m4 -std=gnu11 -g3 -DDEBUG -DSTM32 -DSTM32F4 -DSTM32F407VGTx -c -I../Inc -O0 -ffunction-sections -fdata-sections -Wall -fstack-usage -MMD -MP -MF"Src/gpio.d" -MT"Src/gpio.o" --specs=nano.specs -mfpu=fpv4-sp-d16 -mfloat-abi=hard -mthumb -o "Src/gpio.o"
arm-none-eabi-gcc "../Src/main.c" -mcpu=cortex-m4 -std=gnu11 -g3 -DDEBUG -DSTM32 -DSTM32F4 -DSTM32F407VGTx -c -I../Inc -O0 -ffunction-sections -fdata-sections -Wall -fstack-usage -MMD -MP -MF"Src/main.d" -MT"Src/main.o" --specs=nano.specs -mfpu=fpv4-sp-d16 -mfloat-abi=hard -mthumb -o "Src/main.o"
arm-none-eabi-gcc -o "ProfPro.elf" @"objects.list"   -mcpu=cortex-m4 -T"C:\Users\metab\STM32CubeIDE\workspace_1.10.1_CourseWS\ProfPro\STM32F407VGTX_FLASH.ld" --specs=nosys.specs -Wl,-Map="ProfPro.map" -Wl,--gc-sections -static --specs=nano.specs -mfpu=fpv4-sp-d16 -mfloat-abi=hard -mthumb -Wl,--start-group -lc -lm -Wl,--end-group
Finished building target: ProfPro.elf
 
arm-none-eabi-size   ProfPro.elf 
arm-none-eabi-objdump -h -S  ProfPro.elf  > "ProfPro.list"
   text	   data	    bss	    dec	    hex	filename
   1592	      8	   1568	   3168	    c60	ProfPro.elf
Finished building: default.size.stdout
 
Finished building: ProfPro.list
 
22:10:31 **** Incremental Build of configuration Debug for project ProfPro ****
make -j8 all 
arm-none-eabi-size   ProfPro.elf 
   text	   data	    bss	    dec	    hex	filename
   1592	      8	   1568	   3168	    c60	ProfPro.elf
Finished building: default.size.stdout
 
22:11:21 **** Incremental Build of configuration Debug for project ProfPro ****
make -j8 all 
arm-none-eabi-size   ProfPro.elf 
   text	   data	    bss	    dec	    hex	filename
   1592	      8	   1568	   3168	    c60	ProfPro.elf
Finished building: default.size.stdout
 
22:16:39 **** Incremental Build of configuration Debug for project ProfPro ****
make -j8 all 
arm-none-eabi-size   ProfPro.elf 
   text	   data	    bss	    dec	    hex	filename
   1592	      8	   1568	   3168	    c60	ProfPro.elf
Finished building: default.size.stdout
 
22:30:45 **** Incremental Build of configuration Debug for project ProfPro ****
make -j8 all 
arm-none-eabi-gcc "../Src/main.c" -mcpu=cortex-m4 -std=gnu11 -g3 -DDEBUG -DSTM32 -DSTM32F4 -DSTM32F407VGTx -c -I../Inc -O0 -ffunction-sections -fdata-sections -Wall -fstack-usage -MMD -MP -MF"Src/main.d" -MT"Src/main.o" --specs=nano.specs -mfpu=fpv4-sp-d16 -mfloat-abi=hard -mthumb -o "Src/main.o"
arm-none-eabi-gcc -o "ProfPro.elf" @"objects.list"   -mcpu=cortex-m4 -T"C:\Users\metab\STM32CubeIDE\workspace_1.10.1_CourseWS\ProfPro\STM32F407VGTX_FLASH.ld" --specs=nosys.specs -Wl,-Map="ProfPro.map" -Wl,--gc-sections -static --specs=nano.specs -mfpu=fpv4-sp-d16 -mfloat-abi=hard -mthumb -Wl,--start-group -lc -lm -Wl,--end-group
Finished building target: ProfPro.elf
 
arm-none-eabi-size   ProfPro.elf 
arm-none-eabi-objdump -h -S  ProfPro.elf  > "ProfPro.list"
   text	   data	    bss	    dec	    hex	filename
   1596	      8	   1568	   3172	    c64	ProfPro.elf
Finished building: default.size.stdout
 
Finished building: ProfPro.list
 
22:30:57 **** Incremental Build of configuration Debug for project ProfPro ****
make -j8 all 
arm-none-eabi-size   ProfPro.elf 
   text	   data	    bss	    dec	    hex	filename
   1596	      8	   1568	   3172	    c64	ProfPro.elf
Finished building: default.size.stdout
 
22:31:43 **** Incremental Build of configuration Debug for project ProfPro ****
make -j8 all 
arm-none-eabi-size   ProfPro.elf 
   text	   data	    bss	    dec	    hex	filename
   1596	      8	   1568	   3172	    c64	ProfPro.elf
Finished building: default.size.stdout
 
22:33:15 **** Incremental Build of configuration Debug for project ProfPro ****
make -j8 all 
arm-none-eabi-gcc "../Src/main.c" -mcpu=cortex-m4 -std=gnu11 -g3 -DDEBUG -DSTM32 -DSTM32F4 -DSTM32F407VGTx -c -I../Inc -O0 -ffunction-sections -fdata-sections -Wall -fstack-usage -MMD -MP -MF"Src/main.d" -MT"Src/main.o" --specs=nano.specs -mfpu=fpv4-sp-d16 -mfloat-abi=hard -mthumb -o "Src/main.o"
arm-none-eabi-gcc -o "ProfPro.elf" @"objects.list"   -mcpu=cortex-m4 -T"C:\Users\metab\STM32CubeIDE\workspace_1.10.1_CourseWS\ProfPro\STM32F407VGTX_FLASH.ld" --specs=nosys.specs -Wl,-Map="ProfPro.map" -Wl,--gc-sections -static --specs=nano.specs -mfpu=fpv4-sp-d16 -mfloat-abi=hard -mthumb -Wl,--start-group -lc -lm -Wl,--end-group
Finished building target: ProfPro.elf
 
arm-none-eabi-size   ProfPro.elf 
arm-none-eabi-objdump -h -S  ProfPro.elf  > "ProfPro.list"
   text	   data	    bss	    dec	    hex	filename
   1584	      8	   1568	   3160	    c58	ProfPro.elf
Finished building: default.size.stdout
 
Finished building: ProfPro.list
 
22:35:30 **** Incremental Build of configuration Debug for project ProfPro ****
make -j8 all 
arm-none-eabi-gcc "../Src/main.c" -mcpu=cortex-m4 -std=gnu11 -g3 -DDEBUG -DSTM32 -DSTM32F4 -DSTM32F407VGTx -c -I../Inc -O0 -ffunction-sections -fdata-sections -Wall -fstack-usage -MMD -MP -MF"Src/main.d" -MT"Src/main.o" --specs=nano.specs -mfpu=fpv4-sp-d16 -mfloat-abi=hard -mthumb -o "Src/main.o"
arm-none-eabi-gcc -o "ProfPro.elf" @"objects.list"   -mcpu=cortex-m4 -T"C:\Users\metab\STM32CubeIDE\workspace_1.10.1_CourseWS\ProfPro\STM32F407VGTX_FLASH.ld" --specs=nosys.specs -Wl,-Map="ProfPro.map" -Wl,--gc-sections -static --specs=nano.specs -mfpu=fpv4-sp-d16 -mfloat-abi=hard -mthumb -Wl,--start-group -lc -lm -Wl,--end-group
Finished building target: ProfPro.elf
 
arm-none-eabi-size   ProfPro.elf 
arm-none-eabi-objdump -h -S  ProfPro.elf  > "ProfPro.list"
   text	   data	    bss	    dec	    hex	filename
   1612	      8	   1568	   3188	    c74	ProfPro.elf
Finished building: default.size.stdout
 
Finished building: ProfPro.list
 
22:35:34 **** Incremental Build of configuration Debug for project ProfPro ****
make -j8 all 
arm-none-eabi-size   ProfPro.elf 
   text	   data	    bss	    dec	    hex	filename
   1612	      8	   1568	   3188	    c74	ProfPro.elf
Finished building: default.size.stdout
 
22:36:11 **** Incremental Build of configuration Debug for project ProfPro ****
make -j8 all 
arm-none-eabi-gcc "../Src/main.c" -mcpu=cortex-m4 -std=gnu11 -g3 -DDEBUG -DSTM32 -DSTM32F4 -DSTM32F407VGTx -c -I../Inc -O0 -ffunction-sections -fdata-sections -Wall -fstack-usage -MMD -MP -MF"Src/main.d" -MT"Src/main.o" --specs=nano.specs -mfpu=fpv4-sp-d16 -mfloat-abi=hard -mthumb -o "Src/main.o"
arm-none-eabi-gcc -o "ProfPro.elf" @"objects.list"   -mcpu=cortex-m4 -T"C:\Users\metab\STM32CubeIDE\workspace_1.10.1_CourseWS\ProfPro\STM32F407VGTX_FLASH.ld" --specs=nosys.specs -Wl,-Map="ProfPro.map" -Wl,--gc-sections -static --specs=nano.specs -mfpu=fpv4-sp-d16 -mfloat-abi=hard -mthumb -Wl,--start-group -lc -lm -Wl,--end-group
Finished building target: ProfPro.elf
 
arm-none-eabi-size   ProfPro.elf 
arm-none-eabi-objdump -h -S  ProfPro.elf  > "ProfPro.list"
   text	   data	    bss	    dec	    hex	filename
   1624	      8	   1568	   3200	    c80	ProfPro.elf
Finished building: default.size.stdout
 
Finished building: ProfPro.list
 
22:36:15 **** Incremental Build of configuration Debug for project ProfPro ****
make -j8 all 
arm-none-eabi-size   ProfPro.elf 
   text	   data	    bss	    dec	    hex	filename
   1624	      8	   1568	   3200	    c80	ProfPro.elf
Finished building: default.size.stdout
 
22:36:46 **** Incremental Build of configuration Debug for project ProfPro ****
make -j8 all 
arm-none-eabi-gcc "../Src/main.c" -mcpu=cortex-m4 -std=gnu11 -g3 -DDEBUG -DSTM32 -DSTM32F4 -DSTM32F407VGTx -c -I../Inc -O0 -ffunction-sections -fdata-sections -Wall -fstack-usage -MMD -MP -MF"Src/main.d" -MT"Src/main.o" --specs=nano.specs -mfpu=fpv4-sp-d16 -mfloat-abi=hard -mthumb -o "Src/main.o"
arm-none-eabi-gcc -o "ProfPro.elf" @"objects.list"   -mcpu=cortex-m4 -T"C:\Users\metab\STM32CubeIDE\workspace_1.10.1_CourseWS\ProfPro\STM32F407VGTX_FLASH.ld" --specs=nosys.specs -Wl,-Map="ProfPro.map" -Wl,--gc-sections -static --specs=nano.specs -mfpu=fpv4-sp-d16 -mfloat-abi=hard -mthumb -Wl,--start-group -lc -lm -Wl,--end-group
Finished building target: ProfPro.elf
 
arm-none-eabi-size   ProfPro.elf 
arm-none-eabi-objdump -h -S  ProfPro.elf  > "ProfPro.list"
   text	   data	    bss	    dec	    hex	filename
   1624	      8	   1568	   3200	    c80	ProfPro.elf
Finished building: default.size.stdout
 
Finished building: ProfPro.list
 
