12:17:46 **** Incremental Build of configuration Debug for project ProfPro ****
make -j8 all 
arm-none-eabi-gcc "../Src/coreM4.c" -mcpu=cortex-m4 -std=gnu11 -g3 -DDEBUG -DSTM32 -DSTM32F4 -DSTM32F407VGTx -c -I../Inc -O0 -ffunction-sections -fdata-sections -Wall -fstack-usage -MMD -MP -MF"Src/coreM4.d" -MT"Src/coreM4.o" --specs=nano.specs -mfpu=fpv4-sp-d16 -mfloat-abi=hard -mthumb -o "Src/coreM4.o"
arm-none-eabi-gcc "../Src/gpio.c" -mcpu=cortex-m4 -std=gnu11 -g3 -DDEBUG -DSTM32 -DSTM32F4 -DSTM32F407VGTx -c -I../Inc -O0 -ffunction-sections -fdata-sections -Wall -fstack-usage -MMD -MP -MF"Src/gpio.d" -MT"Src/gpio.o" --specs=nano.specs -mfpu=fpv4-sp-d16 -mfloat-abi=hard -mthumb -o "Src/gpio.o"
arm-none-eabi-gcc "../Src/main.c" -mcpu=cortex-m4 -std=gnu11 -g3 -DDEBUG -DSTM32 -DSTM32F4 -DSTM32F407VGTx -c -I../Inc -O0 -ffunction-sections -fdata-sections -Wall -fstack-usage -MMD -MP -MF"Src/main.d" -MT"Src/main.o" --specs=nano.specs -mfpu=fpv4-sp-d16 -mfloat-abi=hard -mthumb -o "Src/main.o"
arm-none-eabi-gcc "../Src/syscalls.c" -mcpu=cortex-m4 -std=gnu11 -g3 -DDEBUG -DSTM32 -DSTM32F4 -DSTM32F407VGTx -c -I../Inc -O0 -ffunction-sections -fdata-sections -Wall -fstack-usage -MMD -MP -MF"Src/syscalls.d" -MT"Src/syscalls.o" --specs=nano.specs -mfpu=fpv4-sp-d16 -mfloat-abi=hard -mthumb -o "Src/syscalls.o"
arm-none-eabi-gcc "../Src/sysmem.c" -mcpu=cortex-m4 -std=gnu11 -g3 -DDEBUG -DSTM32 -DSTM32F4 -DSTM32F407VGTx -c -I../Inc -O0 -ffunction-sections -fdata-sections -Wall -fstack-usage -MMD -MP -MF"Src/sysmem.d" -MT"Src/sysmem.o" --specs=nano.specs -mfpu=fpv4-sp-d16 -mfloat-abi=hard -mthumb -o "Src/sysmem.o"
../Src/main.c: In function 'main':
../Src/main.c:64:10: warning: unused variable 'a' [-Wunused-variable]
   64 |      int a =5;
      |          ^
../Src/gpio.c: In function 'gpio_init':
../Src/gpio.c:89:11: warning: unused variable 'port_code' [-Wunused-variable]
   89 |   uint8_t port_code = get_port_code(pGpio_handle->pGpioX);
      |           ^~~~~~~~~
../Src/gpio.c: In function 'get_port_code':
../Src/gpio.c:51:1: warning: control reaches end of non-void function [-Wreturn-type]
   51 | }
      | ^
arm-none-eabi-gcc -o "ProfPro.elf" @"objects.list"   -mcpu=cortex-m4 -T"C:\Users\metab\STM32CubeIDE\workspace_1.10.1_CourseWS\ProfPro\STM32F407VGTX_FLASH.ld" --specs=nosys.specs -Wl,-Map="ProfPro.map" -Wl,--gc-sections -static --specs=nano.specs -mfpu=fpv4-sp-d16 -mfloat-abi=hard -mthumb -Wl,--start-group -lc -lm -Wl,--end-group
Finished building target: ProfPro.elf
 
arm-none-eabi-size   ProfPro.elf 
arm-none-eabi-objdump -h -S  ProfPro.elf  > "ProfPro.list"
   text	   data	    bss	    dec	    hex	filename
   1980	      8	   1568	   3556	    de4	ProfPro.elf
Finished building: default.size.stdout
 
Finished building: ProfPro.list
 

12:17:47 Build Finished. 0 errors, 3 warnings. (took 1s.573ms)

