23:09:38 **** Incremental Build of configuration Debug for project ProfPro ****
make -j8 all 
arm-none-eabi-gcc "../Src/main.c" -mcpu=cortex-m4 -std=gnu11 -g3 -DDEBUG -DSTM32 -DSTM32F4 -DSTM32F407VGTx -c -I../Inc -O0 -ffunction-sections -fdata-sections -Wall -fstack-usage -MMD -MP -MF"Src/main.d" -MT"Src/main.o" --specs=nano.specs -mfpu=fpv4-sp-d16 -mfloat-abi=hard -mthumb -o "Src/main.o"
arm-none-eabi-gcc -o "ProfPro.elf" @"objects.list"   -mcpu=cortex-m4 -T"C:\Users\metab\STM32CubeIDE\workspace_1.10.1_CourseWS\ProfPro\STM32F407VGTX_FLASH.ld" --specs=nosys.specs -Wl,-Map="ProfPro.map" -Wl,--gc-sections -static --specs=nano.specs -mfpu=fpv4-sp-d16 -mfloat-abi=hard -mthumb -Wl,--start-group -lc -lm -Wl,--end-group
Finished building target: ProfPro.elf
 
arm-none-eabi-size   ProfPro.elf 
arm-none-eabi-objdump -h -S  ProfPro.elf  > "ProfPro.list"
   text	   data	    bss	    dec	    hex	filename
   1588	      8	   1568	   3164	    c5c	ProfPro.elf
Finished building: default.size.stdout
 
Finished building: ProfPro.list
 

23:09:39 Build Finished. 0 errors, 0 warnings. (took 735ms)

